lv_area.h:126:20:lv_area_copy	16	static
lv_area.h:352:23:lv_pct	16	static
lv_font.h:139:23:lv_font_get_line_height	16	static
lv_color.h:220:24:lv_color_to_int	24	static
lv_color.h:232:20:lv_color_eq	24	static
lv_anim.h:199:20:lv_anim_set_var	16	static
lv_anim.h:211:20:lv_anim_set_exec_cb	16	static
lv_anim.h:221:20:lv_anim_set_duration	16	static
lv_anim.h:250:20:lv_anim_set_values	24	static
lv_anim.h:275:20:lv_anim_set_path_cb	16	static
lv_anim.h:306:20:lv_anim_set_ready_cb	16	static
lv_anim.h:326:20:lv_anim_set_playback_duration	16	static
lv_anim.h:354:20:lv_anim_set_repeat_count	16	static
lv_obj_style_gen.h:137:23:lv_obj_get_style_pad_top	24	static
lv_obj_style_gen.h:143:23:lv_obj_get_style_pad_bottom	24	static
lv_obj_style_gen.h:149:23:lv_obj_get_style_pad_left	24	static
lv_obj_style_gen.h:155:23:lv_obj_get_style_pad_right	24	static
lv_obj_style_gen.h:317:23:lv_obj_get_style_border_width	24	static
lv_obj_style_gen.h:509:26:lv_obj_get_style_text_color	24	static
lv_obj_style_gen.h:527:33:lv_obj_get_style_text_font	24	static
lv_obj_style_gen.h:539:23:lv_obj_get_style_text_line_space	24	static
lv_obj_style_gen.h:599:24:lv_obj_get_style_anim_time	24	static
lv_textarea.c:90:12:lv_textarea_create	24	static
lv_textarea.c:102:6:lv_textarea_add_char	56	static
lv_textarea.c:163:6:lv_textarea_add_text	48	static
lv_textarea.c:213:6:lv_textarea_delete_char	48	static
lv_textarea.c:257:6:lv_textarea_delete_char_forward	24	static
lv_textarea.c:270:6:lv_textarea_set_text	32	static
lv_textarea.c:316:6:lv_textarea_set_placeholder_text	24	static
lv_textarea.c:345:6:lv_textarea_set_cursor_pos	56	static
lv_textarea.c:397:6:lv_textarea_set_cursor_click_pos	24	static
lv_textarea.c:405:6:lv_textarea_set_password_mode	24	static
lv_textarea.c:435:6:lv_textarea_set_password_bullet	24	static
lv_textarea.c:465:6:lv_textarea_set_one_line	32	static
lv_textarea.c:489:6:lv_textarea_set_accepted_chars	24	static
lv_textarea.c:498:6:lv_textarea_set_max_length	24	static
lv_textarea.c:507:6:lv_textarea_set_insert_replace	16	static
lv_textarea.c:515:6:lv_textarea_set_text_selection	24	static
lv_textarea.c:531:6:lv_textarea_set_password_show_time	24	static
lv_textarea.c:539:6:lv_textarea_set_align	16	static
lv_textarea.c:562:14:lv_textarea_get_text	24	static
lv_textarea.c:579:14:lv_textarea_get_placeholder_text	24	static
lv_textarea.c:588:12:lv_textarea_get_label	24	static
lv_textarea.c:596:10:lv_textarea_get_cursor_pos	24	static
lv_textarea.c:604:6:lv_textarea_get_cursor_click_pos	24	static
lv_textarea.c:612:6:lv_textarea_get_password_mode	24	static
lv_textarea.c:620:14:lv_textarea_get_password_bullet	40	static
lv_textarea.c:637:6:lv_textarea_get_one_line	24	static
lv_textarea.c:645:14:lv_textarea_get_accepted_chars	24	static
lv_textarea.c:654:10:lv_textarea_get_max_length	24	static
lv_textarea.c:662:6:lv_textarea_text_is_selected	24	static
lv_textarea.c:682:6:lv_textarea_get_text_selection	24	static
lv_textarea.c:695:10:lv_textarea_get_password_show_time	24	static
lv_textarea.c:704:10:lv_textarea_get_current_char	32	static
lv_textarea.c:721:6:lv_textarea_clear_selection	24	static
lv_textarea.c:738:6:lv_textarea_cursor_right	24	static
lv_textarea.c:747:6:lv_textarea_cursor_left	24	static
lv_textarea.c:758:6:lv_textarea_cursor_down	56	static
lv_textarea.c:787:6:lv_textarea_cursor_up	56	static
lv_textarea.c:815:13:lv_textarea_constructor	32	static
lv_textarea.c:854:13:lv_textarea_destructor	24	static
lv_textarea.c:873:13:lv_textarea_event	32	static
lv_textarea.c:924:13:label_event_cb	32	static
lv_textarea.c:942:13:cursor_blink_anim_cb	40	static
lv_textarea.c:964:13:pwd_char_hider_anim	16	static
lv_textarea.c:974:13:pwd_char_hider_anim_ready	24	static
lv_textarea.c:984:13:pwd_char_hider	48	static
lv_textarea.c:1018:13:char_is_accepted	40	static
lv_textarea.c:1039:13:start_cursor_blink	112	static
lv_textarea.c:1061:13:refr_cursor_area	136	static
lv_textarea.c:1142:13:update_cursor_position_on_click	88	static
lv_textarea.c:1260:20:insert_handler	16	static
lv_textarea.c:1280:13:draw_placeholder	144	static
lv_textarea.c:1306:13:draw_cursor	280	static
lv_textarea.c:1353:13:auto_hide_characters	112	static
lv_textarea.c:1373:20:is_valid_but_non_printable_char	16	static
