lv_area.h:139:23:lv_area_get_width	16	static
lv_area.h:149:23:lv_area_get_height	16	static
lv_area.h:286:20:lv_point_set	24	static
lv_font.h:139:23:lv_font_get_line_height	16	static
lv_anim.h:199:20:lv_anim_set_var	16	static
lv_anim.h:211:20:lv_anim_set_exec_cb	16	static
lv_anim.h:221:20:lv_anim_set_duration	16	static
lv_anim.h:250:20:lv_anim_set_values	24	static
lv_anim.h:326:20:lv_anim_set_playback_duration	16	static
lv_anim.h:344:20:lv_anim_set_playback_delay	16	static
lv_anim.h:354:20:lv_anim_set_repeat_count	16	static
lv_anim.h:364:20:lv_anim_set_repeat_delay	16	static
lv_bidi.h:132:20:lv_bidi_calculate_align	24	static
lv_obj_style_gen.h:17:23:lv_obj_get_style_width	24	static
lv_obj_style_gen.h:137:23:lv_obj_get_style_pad_top	24	static
lv_obj_style_gen.h:149:23:lv_obj_get_style_pad_left	24	static
lv_obj_style_gen.h:197:26:lv_obj_get_style_bg_color	24	static
lv_obj_style_gen.h:515:26:lv_obj_get_style_text_color_filtered	32	static
lv_obj_style_gen.h:527:33:lv_obj_get_style_text_font	24	static
lv_obj_style_gen.h:533:23:lv_obj_get_style_text_letter_space	24	static
lv_obj_style_gen.h:539:23:lv_obj_get_style_text_line_space	24	static
lv_obj_style_gen.h:593:33:lv_obj_get_style_anim	24	static
lv_obj_style_gen.h:599:24:lv_obj_get_style_anim_time	24	static
lv_label.c:81:12:lv_label_create	24	static
lv_label.c:93:6:lv_label_set_text	24	static
lv_label.c:136:6:lv_label_set_text_fmt	28	static
lv_label.c:164:6:lv_label_set_text_static	24	static
lv_label.c:182:6:lv_label_set_long_mode	24	static
lv_label.c:207:6:lv_label_set_text_selection_start	24	static
lv_label.c:221:6:lv_label_set_text_selection_end	24	static
lv_label.c:239:8:lv_label_get_text	24	static
lv_label.c:246:22:lv_label_get_long_mode	24	static
lv_label.c:253:6:lv_label_get_letter_pos	128	static
lv_label.c:357:10:lv_label_get_letter_on	168	static
lv_label.c:472:6:lv_label_is_char_under_pos	128	static
lv_label.c:543:10:lv_label_get_text_selection_start	24	static
lv_label.c:556:10:lv_label_get_text_selection_end	24	static
lv_label.c:573:6:lv_label_ins_text	40	static
lv_label.c:601:6:lv_label_cut_text	32	static
lv_label.c:623:13:lv_label_constructor	24	static
lv_label.c:656:13:lv_label_destructor	24	static
lv_label.c:666:13:lv_label_event	80	static
lv_label.c:717:13:draw_main	232	static
lv_label.c:814:13:overwrite_anim_property	24	static
lv_label.c:843:13:lv_label_refr_text	296	static
lv_label.c:1127:13:lv_label_revert_dots	40	static
lv_label.c:1158:13:lv_label_set_dot_tmp	32	static
lv_label.c:1188:15:lv_label_get_dot_tmp	24	static
lv_label.c:1204:13:lv_label_dot_tmp_free	24	static
lv_label.c:1214:13:set_ofs_x_anim	24	static
lv_label.c:1221:13:set_ofs_y_anim	24	static
lv_label.c:1228:15:get_text_length	24	static
lv_label.c:1240:13:copy_text_to_label	16	static
lv_label.c:1249:23:get_label_flags	24	static
lv_label.c:1259:13:calculate_x_coordinate	32	static
