lv_area.h:126:20:lv_area_copy	16	static
lv_area.h:139:23:lv_area_get_width	16	static
lv_font.h:139:23:lv_font_get_line_height	16	static
lv_string.h:65:20:lv_memzero	16	static
lv_obj_style_gen.h:41:23:lv_obj_get_style_min_height	24	static
lv_obj_style_gen.h:47:23:lv_obj_get_style_max_height	24	static
lv_obj_style_gen.h:137:23:lv_obj_get_style_pad_top	24	static
lv_obj_style_gen.h:143:23:lv_obj_get_style_pad_bottom	24	static
lv_obj_style_gen.h:149:23:lv_obj_get_style_pad_left	24	static
lv_obj_style_gen.h:155:23:lv_obj_get_style_pad_right	24	static
lv_obj_style_gen.h:317:23:lv_obj_get_style_border_width	24	static
lv_obj_style_gen.h:527:33:lv_obj_get_style_text_font	24	static
lv_obj_style_gen.h:533:23:lv_obj_get_style_text_letter_space	24	static
lv_obj_style_gen.h:539:23:lv_obj_get_style_text_line_space	24	static
lv_obj_style_gen.h:623:29:lv_obj_get_style_base_dir	24	static
lv_table.c:48:20:is_cell_empty	16	static
lv_table.c:76:12:lv_table_create	24	static
lv_table.c:88:6:lv_table_set_cell_value	56	static
lv_table.c:123:6:lv_table_set_cell_value_fmt	60	static
lv_table.c:200:6:lv_table_set_row_count	48	static
lv_table.c:243:6:lv_table_set_column_count	64	static
lv_table.c:302:6:lv_table_set_column_width	32	static
lv_table.c:315:6:lv_table_add_cell_ctrl	40	static
lv_table.c:340:6:lv_table_clear_cell_ctrl	40	static
lv_table.c:365:6:lv_table_set_cell_user_data	40	static
lv_table.c:398:14:lv_table_get_cell_value	32	static
lv_table.c:414:10:lv_table_get_row_count	24	static
lv_table.c:422:10:lv_table_get_column_count	24	static
lv_table.c:430:9:lv_table_get_column_width	24	static
lv_table.c:444:6:lv_table_has_cell_ctrl	32	static
lv_table.c:459:6:lv_table_get_selected_cell	32	static
lv_table.c:466:8:lv_table_get_cell_user_data	24	static
lv_table.c:486:13:lv_table_constructor	24	static
lv_table.c:505:13:lv_table_destructor	24	static
lv_table.c:527:13:lv_table_event	80	static
lv_table.c:648:13:draw_main	648	static
lv_table.c:838:13:refr_size_form_row	88	static
lv_table.c:864:13:refr_cell_size	112	static
lv_table.c:898:16:get_row_height	96	static
lv_table.c:963:20:get_pressed_cell	64	static
lv_table.c:1015:15:get_cell_txt_len	24	static
lv_table.c:1029:13:copy_cell_txt	16	static
lv_table.c:1038:13:get_cell_area	56	static
lv_table.c:1073:13:scroll_to_selected_cell	48	static
