lv_area.h:286:20:lv_point_set	24	static
lv_area.h:357:23:lv_pct_to_px	16	static
lv_obj_style_gen.h:407:24:lv_obj_get_style_image_opa	24	static
lv_obj_style_gen.h:527:33:lv_obj_get_style_text_font	24	static
lv_obj_style_gen.h:533:23:lv_obj_get_style_text_letter_space	24	static
lv_obj_style_gen.h:539:23:lv_obj_get_style_text_line_space	24	static
lv_image.c:121:12:lv_image_create	24	static
lv_image.c:133:6:lv_image_set_src	88	static
lv_image.c:235:6:lv_image_set_offset_x	24	static
lv_image.c:245:6:lv_image_set_offset_y	24	static
lv_image.c:255:6:lv_image_set_rotation	80	static
lv_image.c:300:6:lv_image_set_pivot	88	static
lv_image.c:343:6:lv_image_set_scale	24	static
lv_image.c:359:6:lv_image_set_scale_x	24	static
lv_image.c:375:6:lv_image_set_scale_y	24	static
lv_image.c:391:6:lv_image_set_blend_mode	24	static
lv_image.c:405:6:lv_image_set_antialias	24	static
lv_image.c:416:6:lv_image_set_align	24	static
lv_image.c:434:14:lv_image_get_src	24	static
lv_image.c:443:9:lv_image_get_offset_x	24	static
lv_image.c:452:9:lv_image_get_offset_y	24	static
lv_image.c:461:9:lv_image_get_rotation	24	static
lv_image.c:470:6:lv_image_get_pivot	24	static
lv_image.c:480:9:lv_image_get_scale	24	static
lv_image.c:489:9:lv_image_get_scale_x	24	static
lv_image.c:498:9:lv_image_get_scale_y	24	static
lv_image.c:507:17:lv_image_get_blend_mode	24	static
lv_image.c:516:6:lv_image_get_antialias	24	static
lv_image.c:525:18:lv_image_get_align	24	static
lv_image.c:538:13:lv_image_constructor	24	static
lv_image.c:564:13:lv_image_destructor	24	static
lv_image.c:575:13:lv_image_event	136	static
lv_image.c:652:13:draw_image	200	static
lv_image.c:765:13:scale_update	88	static
lv_image.c:800:13:update_align	32	static
