lv_ll.h:85:20:_lv_ll_clear	16	static
lv_string.h:65:20:lv_memzero	16	static
lv_mem_core_builtin.c:71:6:lv_mem_init	16	static
lv_mem_core_builtin.c:101:6:lv_mem_deinit	8	static
lv_mem_core_builtin.c:110:15:lv_mem_add_pool	24	static
lv_mem_core_builtin.c:125:6:lv_mem_remove_pool	24	static
lv_mem_core_builtin.c:139:8:lv_malloc_core	24	static
lv_mem_core_builtin.c:154:8:lv_realloc_core	24	static
lv_mem_core_builtin.c:169:6:lv_free_core	24	static
lv_mem_core_builtin.c:187:6:lv_mem_monitor_core	64	static
lv_mem_core_builtin.c:212:13:lv_mem_test_core	16	static
lv_mem_core_builtin.c:247:13:lv_mem_walker	32	static
