lv_area.h:295:26:lv_pct	16	static
lv_font.h:124:26:lv_font_get_line_height	16	static
lv_obj_style_gen.h:463:33:lv_obj_get_style_text_font	24	static
lv_disp.h:191:26:lv_layer_top	8	static
lv_msgbox.c:61:12:lv_msgbox_create	88	static
lv_msgbox.c:142:12:lv_msgbox_get_title	24	static
lv_msgbox.c:149:12:lv_msgbox_get_close_btn	24	static
lv_msgbox.c:156:12:lv_msgbox_get_text	24	static
lv_msgbox.c:163:12:lv_msgbox_get_content	24	static
lv_msgbox.c:170:12:lv_msgbox_get_btns	24	static
lv_msgbox.c:177:10:lv_msgbox_get_active_btn	24	static
lv_msgbox.c:183:14:lv_msgbox_get_active_btn_text	24	static
lv_msgbox.c:189:6:lv_msgbox_close	16	static
lv_msgbox.c:195:6:lv_msgbox_close_async	16	static
lv_msgbox.c:205:13:msgbox_close_click_event_cb	24	static
