ethernetif.c:139:6:HAL_ETH_MspInit	64	static
ethernetif.c:196:6:HAL_ETH_MspDeInit	16	static
ethernetif.c:239:6:HAL_ETH_RxCpltCallback	16	static
ethernetif.c:258:13:low_level_init	184	static
ethernetif.c:428:14:low_level_output	80	static
ethernetif.c:474:22:low_level_input	104	static,ignoring_inline_asm
ethernetif.c:520:6:ethernetif_input	24	static
ethernetif.c:578:7:ethernetif_init	16	static
ethernetif.c:622:6:pbuf_free_custom	24	static
ethernetif.c:637:7:sys_jiffies	8	static
ethernetif.c:648:7:sys_now	8	static
ethernetif.c:663:9:ETH_PHY_IO_Init	8	static
ethernetif.c:680:9:ETH_PHY_IO_DeInit	4	static
ethernetif.c:692:9:ETH_PHY_IO_ReadReg	24	static
ethernetif.c:709:9:ETH_PHY_IO_WriteReg	24	static
ethernetif.c:723:9:ETH_PHY_IO_GetTick	8	static
ethernetif.c:733:6:ethernet_link_thread	136	static
