lv_font.h:124:26:lv_font_get_line_height	16	static
lv_obj_style_gen.h:85:26:lv_obj_get_style_transform_angle	24	static
lv_obj_style_gen.h:103:26:lv_obj_get_style_pad_top	24	static
lv_obj_style_gen.h:109:26:lv_obj_get_style_pad_bottom	24	static
lv_obj_style_gen.h:115:26:lv_obj_get_style_pad_left	24	static
lv_obj_style_gen.h:121:26:lv_obj_get_style_pad_right	24	static
lv_obj_style_gen.h:253:26:lv_obj_get_style_border_width	24	static
lv_obj_style_gen.h:463:33:lv_obj_get_style_text_font	24	static
lv_obj_style_gen.h:475:26:lv_obj_get_style_text_line_space	24	static
lv_obj_style_gen.h:565:29:lv_obj_get_style_base_dir	24	static
lv_dropdown.c:91:12:lv_dropdown_create	24	static
lv_dropdown.c:103:6:lv_dropdown_set_text	24	static
lv_dropdown.c:114:6:lv_dropdown_set_options	48	static
lv_dropdown.c:161:6:lv_dropdown_set_options_static	40	static
lv_dropdown.c:190:6:lv_dropdown_add_option	88	static
lv_dropdown.c:261:6:lv_dropdown_clear_options	24	static
lv_dropdown.c:278:6:lv_dropdown_set_selected	24	static
lv_dropdown.c:295:6:lv_dropdown_set_dir	24	static
lv_dropdown.c:307:6:lv_dropdown_set_symbol	24	static
lv_dropdown.c:316:6:lv_dropdown_set_selected_highlight	24	static
lv_dropdown.c:329:12:lv_dropdown_get_list	24	static
lv_dropdown.c:337:14:lv_dropdown_get_text	24	static
lv_dropdown.c:345:14:lv_dropdown_get_options	24	static
lv_dropdown.c:353:10:lv_dropdown_get_selected	24	static
lv_dropdown.c:362:10:lv_dropdown_get_option_cnt	24	static
lv_dropdown.c:371:6:lv_dropdown_get_selected_str	56	static
lv_dropdown.c:405:9:lv_dropdown_get_option_index	40	static
lv_dropdown.c:430:14:lv_dropdown_get_symbol	24	static
lv_dropdown.c:437:6:lv_dropdown_get_selected_highlight	24	static
lv_dropdown.c:444:10:lv_dropdown_get_dir	24	static
lv_dropdown.c:455:6:lv_dropdown_open	64	static
lv_dropdown.c:553:6:lv_dropdown_close	24	static
lv_dropdown.c:566:6:lv_dropdown_is_open	24	static
lv_dropdown.c:578:19:lv_dropdown_list_create	24	static
lv_dropdown.c:586:13:lv_dropdown_constructor	24	static
lv_dropdown.c:616:13:lv_dropdown_destructor	24	static
lv_dropdown.c:632:13:lv_dropdownlist_constructor	16	static
lv_dropdown.c:647:13:lv_dropdownlist_destructor	32	static
lv_dropdown.c:656:13:lv_dropdown_event	56	static
lv_dropdown.c:746:13:lv_dropdown_list_event	32	static
lv_dropdown.c:782:13:draw_main	200	static
lv_dropdown.c:896:13:draw_list	56	static
lv_dropdown.c:932:13:draw_box	112	static
lv_dropdown.c:970:13:draw_box_label	112	static
lv_dropdown.c:1017:17:btn_release_handler	32	static
lv_dropdown.c:1053:17:list_release_handler	48	static
lv_dropdown.c:1089:13:list_press_handler	40	static
lv_dropdown.c:1104:17:get_id_on_point	40	static
lv_dropdown.c:1128:13:position_to_selected	48	static
lv_dropdown.c:1148:19:get_label	24	static
