lv_area.h:126:20:lv_area_copy	16	static
lv_area.h:139:23:lv_area_get_width	16	static
lv_area.h:149:23:lv_area_get_height	16	static
lv_string.h:65:20:lv_memzero	16	static
lv_obj_style_gen.h:137:23:lv_obj_get_style_pad_top	24	static
lv_obj_style_gen.h:143:23:lv_obj_get_style_pad_bottom	24	static
lv_obj_style_gen.h:149:23:lv_obj_get_style_pad_left	24	static
lv_obj_style_gen.h:155:23:lv_obj_get_style_pad_right	24	static
lv_obj_style_gen.h:161:23:lv_obj_get_style_pad_row	24	static
lv_obj_style_gen.h:167:23:lv_obj_get_style_pad_column	24	static
lv_obj_style_gen.h:317:23:lv_obj_get_style_border_width	24	static
lv_obj_style_gen.h:323:32:lv_obj_get_style_border_side	24	static
lv_obj_style_gen.h:623:29:lv_obj_get_style_base_dir	24	static
lv_obj_style.h:293:23:lv_obj_get_style_space_left	32	static
lv_obj_style.h:309:23:lv_obj_get_style_space_top	32	static
lv_buttonmatrix.c:84:12:lv_buttonmatrix_create	24	static
lv_buttonmatrix.c:96:6:lv_buttonmatrix_set_map	120	static
lv_buttonmatrix.c:187:6:lv_buttonmatrix_set_ctrl_map	24	static
lv_buttonmatrix.c:197:6:lv_buttonmatrix_set_selected_button	24	static
lv_buttonmatrix.c:210:6:lv_buttonmatrix_set_button_ctrl	32	static
lv_buttonmatrix.c:230:6:lv_buttonmatrix_clear_button_ctrl	32	static
lv_buttonmatrix.c:246:6:lv_buttonmatrix_set_button_ctrl_all	24	static
lv_buttonmatrix.c:257:6:lv_buttonmatrix_clear_button_ctrl_all	24	static
lv_buttonmatrix.c:268:6:lv_buttonmatrix_set_button_width	32	static
lv_buttonmatrix.c:280:6:lv_buttonmatrix_set_one_checked	24	static
lv_buttonmatrix.c:295:15:lv_buttonmatrix_get_map	24	static
lv_buttonmatrix.c:303:10:lv_buttonmatrix_get_selected_button	24	static
lv_buttonmatrix.c:311:14:lv_buttonmatrix_get_button_text	32	static
lv_buttonmatrix.c:336:6:lv_buttonmatrix_has_button_ctrl	32	static
lv_buttonmatrix.c:346:6:lv_buttonmatrix_get_one_checked	24	static
lv_buttonmatrix.c:359:13:lv_buttonmatrix_constructor	24	static
lv_buttonmatrix.c:379:13:lv_buttonmatrix_destructor	24	static
lv_buttonmatrix.c:391:13:lv_buttonmatrix_event	128	static
lv_buttonmatrix.c:662:13:draw_main	528	static
lv_buttonmatrix.c:813:13:allocate_button_areas_and_controls	32	static
lv_buttonmatrix.c:858:17:get_button_width	24	static
lv_buttonmatrix.c:864:13:button_is_hidden	16	static
lv_buttonmatrix.c:869:13:button_is_checked	16	static
lv_buttonmatrix.c:874:13:button_is_repeat_disabled	16	static
lv_buttonmatrix.c:879:13:button_is_inactive	16	static
lv_buttonmatrix.c:884:13:button_is_click_trig	16	static
lv_buttonmatrix.c:889:13:button_is_popover	16	static
lv_buttonmatrix.c:894:13:button_is_checkable	16	static
lv_buttonmatrix.c:899:13:button_get_checked	16	static
lv_buttonmatrix.c:910:17:get_button_from_point	88	static
lv_buttonmatrix.c:963:13:invalidate_button_area	64	static
lv_buttonmatrix.c:1006:13:make_one_button_checked	24	static
lv_buttonmatrix.c:1021:13:has_popovers_in_top_row	32	static
