lv_anim.h:199:20:lv_anim_set_var	16	static
lv_anim.h:211:20:lv_anim_set_exec_cb	16	static
lv_anim.h:221:20:lv_anim_set_duration	16	static
lv_anim.h:250:20:lv_anim_set_values	24	static
lv_anim.h:275:20:lv_anim_set_path_cb	16	static
lv_anim.h:326:20:lv_anim_set_playback_duration	16	static
lv_anim.h:344:20:lv_anim_set_playback_delay	16	static
lv_anim.h:354:20:lv_anim_set_repeat_count	16	static
lv_anim.h:364:20:lv_anim_set_repeat_delay	16	static
lv_display.h:378:34:lv_screen_active	8	static
lv_example_anim_2.c:4:13:anim_x_cb	16	static
lv_example_anim_2.c:9:13:anim_size_cb	16	static
lv_example_anim_2.c:17:6:lv_example_anim_2	104	static
