lv_math.h:78:23:lv_bezier3	32	static
lv_anim.h:199:20:lv_anim_set_var	16	static
lv_anim.h:211:20:lv_anim_set_exec_cb	16	static
lv_anim.h:221:20:lv_anim_set_duration	16	static
lv_anim.h:250:20:lv_anim_set_values	24	static
lv_anim.h:275:20:lv_anim_set_path_cb	16	static
lv_display.h:378:34:lv_screen_active	8	static
lv_obj_pos.h:184:20:lv_obj_center	16	static
lv_obj_style_gen.h:17:23:lv_obj_get_style_width	24	static
lv_obj_style.h:233:20:lv_obj_set_style_pad_all	24	static
lv_obj_style.h:279:20:lv_obj_set_style_size	24	static
lv_slider.h:99:20:lv_slider_set_range	24	static
lv_slider.h:123:23:lv_slider_get_value	16	static
lv_example_anim_3.c:37:6:lv_example_anim_3	24	static
lv_example_anim_3.c:65:16:anim_path_bezier3_cb	40	static
lv_example_anim_3.c:76:13:refer_chart_cubic_bezier	40	static
lv_example_anim_3.c:86:13:anim_x_cb	16	static
lv_example_anim_3.c:91:13:run_button_event_handler	24	static
lv_example_anim_3.c:99:13:slider_event_cb	40	static
lv_example_anim_3.c:120:13:page_obj_init	56	static
