lv_anim.h:199:20:lv_anim_set_var	16	static
lv_anim.h:221:20:lv_anim_set_duration	16	static
lv_anim.h:250:20:lv_anim_set_values	24	static
lv_anim.h:265:20:lv_anim_set_custom_exec_cb	16	static
lv_anim.h:275:20:lv_anim_set_path_cb	16	static
lv_display.h:378:34:lv_screen_active	8	static
lv_obj_pos.h:184:20:lv_obj_center	16	static
lv_slider.h:99:20:lv_slider_set_range	24	static
lv_slider.h:123:23:lv_slider_get_value	16	static
lv_example_anim_timeline_1.c:13:13:set_width	16	static
lv_example_anim_timeline_1.c:18:13:set_height	16	static
lv_example_anim_timeline_1.c:23:13:anim_timeline_create	536	static
lv_example_anim_timeline_1.c:86:13:btn_start_event_handler	24	static
lv_example_anim_timeline_1.c:99:13:btn_delete_event_handler	16	static
lv_example_anim_timeline_1.c:108:13:btn_stop_event_handler	16	static
lv_example_anim_timeline_1.c:116:13:slider_prg_event_handler	24	static
lv_example_anim_timeline_1.c:131:6:lv_example_anim_timeline_1	40	static
