lv_color.h:269:26:lv_color_make	24	static
lv_color.h:405:26:lv_color_black	16	static
lv_string.h:65:20:lv_memzero	16	static
lv_slider.h:77:20:lv_slider_set_value	24	static
lv_slider.h:123:23:lv_slider_get_value	16	static
lv_observer.c:65:6:lv_subject_init_int	16	static
lv_observer.c:74:6:lv_subject_set_int	16	static
lv_observer.c:86:9:lv_subject_get_int	16	static
lv_observer.c:96:9:lv_subject_get_previous_int	16	static
lv_observer.c:106:6:lv_subject_init_string	24	static
lv_observer.c:120:6:lv_subject_copy_string	16	static
lv_observer.c:138:14:lv_subject_get_string	16	static
lv_observer.c:148:14:lv_subject_get_previous_string	16	static
lv_observer.c:158:6:lv_subject_init_pointer	16	static
lv_observer.c:167:6:lv_subject_set_pointer	16	static
lv_observer.c:179:14:lv_subject_get_pointer	16	static
lv_observer.c:189:14:lv_subject_get_previous_pointer	16	static
lv_observer.c:199:6:lv_subject_init_color	16	static
lv_observer.c:208:6:lv_subject_set_color	16	static
lv_observer.c:220:12:lv_subject_get_color	24	static
lv_observer.c:230:12:lv_subject_get_previous_color	24	static
lv_observer.c:240:6:lv_subject_init_group	32	static
lv_observer.c:255:16:lv_subject_get_group_element	16	static
lv_observer.c:267:17:lv_subject_add_observer	32	static
lv_observer.c:273:17:lv_subject_add_observer_obj	32	static
lv_observer.c:302:17:lv_subject_add_observer_with_target	32	static
lv_observer.c:327:6:lv_observer_remove	16	static
lv_observer.c:341:6:lv_subject_remove_all_obj	24	static
lv_observer.c:364:8:lv_observer_get_target	16	static
lv_observer.c:371:6:lv_subject_notify	24	static
lv_observer.c:392:17:lv_obj_bind_flag_if_eq	40	static
lv_observer.c:398:17:lv_obj_bind_flag_if_not_eq	40	static
lv_observer.c:405:17:lv_obj_bind_state_if_eq	40	static
lv_observer.c:411:17:lv_obj_bind_state_if_not_eq	40	static
lv_observer.c:417:17:lv_button_bind_checked	32	static
lv_observer.c:423:17:lv_label_bind_text	32	static
lv_observer.c:443:17:lv_arc_bind_value	24	static
lv_observer.c:456:17:lv_slider_bind_value	24	static
lv_observer.c:469:17:lv_roller_bind_value	24	static
lv_observer.c:483:17:lv_dropdown_bind_value	24	static
lv_observer.c:501:13:group_notify_cb	24	static
lv_observer.c:508:13:unsubscribe_on_delete_cb	24	static
lv_observer.c:514:24:bind_to_bitfield	32	static
lv_observer.c:537:13:obj_flag_observer_cb	24	static
lv_observer.c:552:13:obj_state_observer_cb	24	static
lv_observer.c:567:13:btn_value_changed_event_cb	24	static
lv_observer.c:575:13:label_text_observer_cb	24	static
lv_observer.c:597:13:arc_value_changed_event_cb	24	static
lv_observer.c:605:13:arc_value_observer_cb	16	static
lv_observer.c:610:13:slider_value_changed_event_cb	24	static
lv_observer.c:618:13:slider_value_observer_cb	16	static
lv_observer.c:623:13:roller_value_changed_event_cb	24	static
lv_observer.c:631:13:roller_value_observer_cb	16	static
lv_observer.c:638:13:dropdown_value_changed_event_cb	24	static
lv_observer.c:646:13:dropdown_value_observer_cb	16	static
