lv_area.h:126:20:lv_area_copy	16	static
lv_area.h:139:23:lv_area_get_width	16	static
lv_area.h:149:23:lv_area_get_height	16	static
lv_string.h:65:20:lv_memzero	16	static
lv_obj_style_gen.h:17:23:lv_obj_get_style_width	24	static
lv_obj_style_gen.h:35:23:lv_obj_get_style_height	24	static
lv_obj_style_gen.h:83:23:lv_obj_get_style_translate_x	24	static
lv_obj_style_gen.h:89:23:lv_obj_get_style_translate_y	24	static
lv_obj_style_gen.h:137:23:lv_obj_get_style_pad_top	24	static
lv_obj_style_gen.h:149:23:lv_obj_get_style_pad_left	24	static
lv_obj_style_gen.h:161:23:lv_obj_get_style_pad_row	24	static
lv_obj_style_gen.h:167:23:lv_obj_get_style_pad_column	24	static
lv_obj_style_gen.h:173:23:lv_obj_get_style_margin_top	24	static
lv_obj_style_gen.h:179:23:lv_obj_get_style_margin_bottom	24	static
lv_obj_style_gen.h:185:23:lv_obj_get_style_margin_left	24	static
lv_obj_style_gen.h:191:23:lv_obj_get_style_margin_right	24	static
lv_obj_style_gen.h:317:23:lv_obj_get_style_border_width	24	static
lv_obj_style_gen.h:323:32:lv_obj_get_style_border_side	24	static
lv_obj_style_gen.h:623:29:lv_obj_get_style_base_dir	24	static
lv_obj_style_gen.h:659:31:lv_obj_get_style_grid_column_dsc_array	24	static
lv_obj_style_gen.h:665:31:lv_obj_get_style_grid_column_align	24	static
lv_obj_style_gen.h:671:31:lv_obj_get_style_grid_row_dsc_array	24	static
lv_obj_style_gen.h:677:31:lv_obj_get_style_grid_row_align	24	static
lv_obj_style_gen.h:683:23:lv_obj_get_style_grid_cell_column_pos	24	static
lv_obj_style_gen.h:689:31:lv_obj_get_style_grid_cell_x_align	24	static
lv_obj_style_gen.h:695:23:lv_obj_get_style_grid_cell_column_span	24	static
lv_obj_style_gen.h:701:23:lv_obj_get_style_grid_cell_row_pos	24	static
lv_obj_style_gen.h:707:31:lv_obj_get_style_grid_cell_y_align	24	static
lv_obj_style_gen.h:713:23:lv_obj_get_style_grid_cell_row_span	24	static
lv_obj_style.h:293:23:lv_obj_get_style_space_left	32	static
lv_obj_style.h:309:23:lv_obj_get_style_space_top	32	static
lv_grid.c:67:31:get_col_dsc	16	static
lv_grid.c:71:31:get_row_dsc	16	static
lv_grid.c:75:23:get_col_pos	16	static
lv_grid.c:79:23:get_row_pos	16	static
lv_grid.c:83:23:get_col_span	16	static
lv_grid.c:87:23:get_row_span	16	static
lv_grid.c:91:31:get_cell_col_align	16	static
lv_grid.c:95:31:get_cell_row_align	16	static
lv_grid.c:99:31:get_grid_col_align	16	static
lv_grid.c:103:31:get_grid_row_align	16	static
lv_grid.c:107:23:get_margin_hor	24	static
lv_grid.c:112:23:get_margin_ver	24	static
lv_grid.c:139:6:lv_grid_init	4	static
lv_grid.c:145:6:lv_obj_set_grid_dsc_array	24	static
lv_grid.c:152:6:lv_obj_set_grid_align	16	static
lv_grid.c:159:6:lv_obj_set_grid_cell	24	static
lv_grid.c:177:13:grid_update	96	static
lv_grid.c:223:13:calc	80	static
lv_grid.c:257:13:calc_free	16	static
lv_grid.c:265:13:calc_cols	104	static
lv_grid.c:362:13:calc_rows	104	static
lv_grid.c:462:13:item_repos	136	static
lv_grid.c:586:16:grid_align	40	static
lv_grid.c:655:17:count_tracks	24	static
