lv_area.h:139:23:lv_area_get_width	16	static
lv_area.h:149:23:lv_area_get_height	16	static
lv_area.h:277:34:lv_point_to_precise	24	static
lv_math.h:51:45:lv_trigo_cos	16	static
lv_ll.h:85:20:_lv_ll_clear	16	static
lv_obj_style_gen.h:17:23:lv_obj_get_style_width	24	static
lv_obj_style_gen.h:35:23:lv_obj_get_style_height	24	static
lv_obj_style_gen.h:137:23:lv_obj_get_style_pad_top	24	static
lv_obj_style_gen.h:143:23:lv_obj_get_style_pad_bottom	24	static
lv_obj_style_gen.h:149:23:lv_obj_get_style_pad_left	24	static
lv_obj_style_gen.h:155:23:lv_obj_get_style_pad_right	24	static
lv_obj_style_gen.h:317:23:lv_obj_get_style_border_width	24	static
lv_obj_style_gen.h:431:23:lv_obj_get_style_line_width	24	static
lv_obj_style_gen.h:455:26:lv_obj_get_style_line_color	24	static
lv_obj_style_gen.h:467:24:lv_obj_get_style_line_opa	24	static
lv_obj_style_gen.h:509:26:lv_obj_get_style_text_color	24	static
lv_obj_style_gen.h:521:24:lv_obj_get_style_text_opa	24	static
lv_obj_style_gen.h:527:33:lv_obj_get_style_text_font	24	static
lv_obj_style_gen.h:533:23:lv_obj_get_style_text_letter_space	24	static
lv_scale.c:83:12:lv_scale_create	24	static
lv_scale.c:103:6:lv_scale_set_mode	24	static
lv_scale.c:113:6:lv_scale_set_total_tick_count	24	static
lv_scale.c:123:6:lv_scale_set_major_tick_every	24	static
lv_scale.c:133:6:lv_scale_set_major_tick_length	24	static
lv_scale.c:143:6:lv_scale_set_minor_tick_length	24	static
lv_scale.c:153:6:lv_scale_set_label_show	24	static
lv_scale.c:163:6:lv_scale_set_range	32	static
lv_scale.c:174:6:lv_scale_set_angle_range	24	static
lv_scale.c:184:6:lv_scale_set_rotation	24	static
lv_scale.c:194:6:lv_scale_set_line_needle_value	56	static
lv_scale.c:253:6:lv_scale_set_image_needle_value	32	static
lv_scale.c:276:6:lv_scale_set_text_src	24	static
lv_scale.c:293:6:lv_scale_set_post_draw	24	static
lv_scale.c:303:22:lv_scale_add_section	24	static
lv_scale.c:328:6:lv_scale_section_set_range	24	static
lv_scale.c:336:6:lv_scale_section_set_style	24	static
lv_scale.c:368:13:lv_scale_constructor	24	static
lv_scale.c:396:13:lv_scale_destructor	24	static
lv_scale.c:413:13:lv_scale_event	32	static
lv_scale.c:449:13:scale_draw_indicator	528	static
lv_scale.c:661:13:scale_draw_main	296	static
lv_scale.c:835:13:scale_get_center	56	static
lv_scale.c:861:13:scale_get_tick_points	232	static
lv_scale.c:1019:13:scale_get_label_coords	64	static
lv_scale.c:1075:13:scale_set_line_properties	40	static
lv_scale.c:1125:13:scale_set_arc_properties	40	static
lv_scale.c:1174:13:scale_set_indicator_label_properties	40	static
lv_scale.c:1226:13:scale_find_section_tick_idx	56	static
lv_scale.c:1270:13:scale_store_main_line_tick_width_compensation	32	static
lv_scale.c:1311:13:scale_build_custom_label_text	32	static
lv_scale.c:1344:13:scale_store_section_line_tick_width_compensation	40	static
