lv_area.h:352:23:lv_pct	16	static
lv_display.h:387:34:lv_layer_top	8	static
lv_obj_pos.h:184:20:lv_obj_center	16	static
lv_msgbox.c:104:12:lv_msgbox_create	32	static
lv_msgbox.c:136:12:lv_msgbox_add_title	32	static
lv_msgbox.c:161:12:lv_msgbox_add_header_button	32	static
lv_msgbox.c:182:12:lv_msgbox_add_text	24	static
lv_msgbox.c:193:12:lv_msgbox_add_footer_button	32	static
lv_msgbox.c:220:12:lv_msgbox_add_close_button	24	static
lv_msgbox.c:227:12:lv_msgbox_get_header	24	static
lv_msgbox.c:234:12:lv_msgbox_get_footer	24	static
lv_msgbox.c:241:12:lv_msgbox_get_content	24	static
lv_msgbox.c:248:12:lv_msgbox_get_title	24	static
lv_msgbox.c:255:6:lv_msgbox_close	16	static
lv_msgbox.c:261:6:lv_msgbox_close_async	16	static
lv_msgbox.c:271:13:msgbox_close_click_event_cb	24	static
