lv_area.h:139:23:lv_area_get_width	16	static
lv_area.h:149:23:lv_area_get_height	16	static
lv_obj_style_gen.h:95:23:lv_obj_get_style_transform_scale_x	24	static
lv_obj_style_gen.h:101:23:lv_obj_get_style_transform_scale_y	24	static
lv_obj_style_gen.h:107:23:lv_obj_get_style_transform_rotation	24	static
lv_obj_style_gen.h:137:23:lv_obj_get_style_pad_top	24	static
lv_obj_style_gen.h:143:23:lv_obj_get_style_pad_bottom	24	static
lv_obj_style_gen.h:149:23:lv_obj_get_style_pad_left	24	static
lv_obj_style_gen.h:155:23:lv_obj_get_style_pad_right	24	static
lv_obj_style.h:327:23:lv_obj_get_style_transform_scale_x_safe	24	static
lv_obj_style.h:333:23:lv_obj_get_style_transform_scale_y_safe	24	static
lv_indev_scroll.c:47:6:_lv_indev_scroll_handler	96	static
lv_indev_scroll.c:115:6:_lv_indev_scroll_throw_handler	88	static
lv_indev_scroll.c:227:9:lv_indev_scroll_throw_predict	32	static
lv_indev_scroll.c:252:6:lv_indev_scroll_get_snap_dist	16	static
lv_indev_scroll.c:262:19:find_scroll_obj	104	static
lv_indev_scroll.c:393:13:init_scroll_limits	48	static
lv_indev_scroll.c:461:16:find_snap_point_x	72	static
lv_indev_scroll.c:516:16:find_snap_point_y	72	static
lv_indev_scroll.c:562:13:scroll_limit_diff	24	static
lv_indev_scroll.c:585:16:scroll_throw_predict_y	32	static
lv_indev_scroll.c:599:16:scroll_throw_predict_x	32	static
lv_indev_scroll.c:613:16:elastic_diff	56	static
