lv_color.h:600:26:lv_color_hex	24	static
lv_disp.h:182:26:lv_scr_act	8	static
gui.c:97:6:init_freq_mode	4	static
gui.c:102:6:init_power_mode	4	static
gui.c:107:6:init_freq_gui	8	static
gui.c:115:6:init_power_gui	8	static
gui.c:126:6:init_tracking_gui	8	static
gui.c:134:6:init_freq_sweep_gui	8	static
gui.c:142:6:init_power_sweep_gui	8	static
gui.c:150:13:back_event_handler	72	static
gui.c:183:13:event_handler_threetone_page	184	static
gui.c:350:13:event_handler_powers_page	144	static
gui.c:626:13:event_handler_tracking_page	208	static
gui.c:886:13:event_handler_fre_sweep_page	192	static
gui.c:1088:13:event_handler_pow_sweep_page	160	static
gui.c:1333:6:gen_tastiera	32	static
gui.c:1672:6:gui_define	344	static
