lv_color.h:600:26:lv_color_hex	24	static
lv_disp.h:182:26:lv_scr_act	8	static
gui.c:70:6:init_freq_gui	8	static
gui.c:78:6:init_power_gui	8	static
gui.c:89:6:init_tracking_gui	8	static
gui.c:97:6:init_freq_sweep_gui	8	static
gui.c:105:13:event_handler_threetone_page	184	static
gui.c:272:13:event_handler_powers_page	144	static
gui.c:548:13:event_handler_tracking_page	208	static
gui.c:808:13:event_handler_fre_sweep_page	192	static
gui.c:1010:6:gen_tastiera	32	static
gui.c:1349:6:gui_define	256	static
