lv_ll.h:85:20:_lv_ll_clear	16	static
lv_anim.h:199:20:lv_anim_set_var	16	static
lv_anim.h:211:20:lv_anim_set_exec_cb	16	static
lv_anim.h:221:20:lv_anim_set_duration	16	static
lv_anim.h:239:20:lv_anim_set_delay	16	static
lv_anim.h:250:20:lv_anim_set_values	24	static
lv_anim.h:285:20:lv_anim_set_start_cb	16	static
lv_anim.h:306:20:lv_anim_set_ready_cb	16	static
lv_string.h:65:20:lv_memzero	16	static
lv_display.h:378:34:lv_screen_active	8	static
lv_display.c:57:16:lv_display_create	48	static
lv_display.c:145:6:lv_display_delete	24	static
lv_display.c:197:6:lv_display_set_default	16	static
lv_display.c:202:16:lv_display_get_default	4	static
lv_display.c:207:16:lv_display_get_next	16	static
lv_display.c:219:6:lv_display_set_resolution	24	static
lv_display.c:232:6:lv_display_set_physical_resolution	24	static
lv_display.c:244:6:lv_display_set_offset	24	static
lv_display.c:256:6:lv_display_set_dpi	16	static
lv_display.c:264:9:lv_display_get_horizontal_resolution	16	static
lv_display.c:282:9:lv_display_get_vertical_resolution	16	static
lv_display.c:300:9:lv_display_get_physical_horizontal_resolution	16	static
lv_display.c:318:9:lv_display_get_physical_vertical_resolution	16	static
lv_display.c:336:9:lv_display_get_offset_x	16	static
lv_display.c:357:9:lv_display_get_offset_y	16	static
lv_display.c:378:9:lv_display_get_dpi	16	static
lv_display.c:389:6:lv_display_set_draw_buffers	24	static
lv_display.c:402:6:lv_display_set_flush_cb	16	static
lv_display.c:410:6:lv_display_set_flush_wait_cb	16	static
lv_display.c:418:6:lv_display_set_color_format	16	static
lv_display.c:429:19:lv_display_get_color_format	16	static
lv_display.c:437:6:lv_display_set_antialiasing	16	static
lv_display.c:445:6:lv_display_get_antialiasing	16	static
lv_display.c:453:31:lv_display_flush_ready	16	static
lv_display.c:459:31:lv_display_flush_is_last	16	static
lv_display.c:464:6:lv_display_is_double_buffered	16	static
lv_display.c:473:12:lv_display_get_screen_active	16	static
lv_display.c:484:12:lv_display_get_screen_prev	16	static
lv_display.c:495:6:lv_display_load_scr	24	static
lv_display.c:500:12:lv_display_get_layer_top	16	static
lv_display.c:511:12:lv_display_get_layer_sys	16	static
lv_display.c:522:12:lv_display_get_layer_bottom	16	static
lv_display.c:533:6:lv_screen_load_anim	208	static
lv_display.c:684:6:lv_display_add_event_cb	24	static
lv_display.c:691:10:lv_display_get_event_count	16	static
lv_display.c:697:18:lv_display_get_event_dsc	16	static
lv_display.c:704:6:lv_display_delete_event	16	static
lv_display.c:711:13:lv_display_send_event	56	static
lv_display.c:730:6:lv_display_set_rotation	16	static
lv_display.c:739:23:lv_display_get_rotation	16	static
lv_display.c:746:6:lv_display_set_theme	16	static
lv_display.c:764:14:lv_display_get_theme	16	static
lv_display.c:770:10:lv_display_get_inactive_time	32	static
lv_display.c:786:6:lv_display_trig_activity	16	static
lv_display.c:797:6:lv_display_enable_invalidation	16	static
lv_display.c:808:6:lv_display_is_invalidation_enabled	16	static
lv_display.c:819:14:_lv_display_get_refr_timer	16	static
lv_display.c:827:6:lv_display_set_user_data	16	static
lv_display.c:834:6:lv_display_set_driver_data	16	static
lv_display.c:842:8:lv_display_get_user_data	16	static
lv_display.c:849:8:lv_display_get_driver_data	16	static
lv_display.c:861:13:update_resolution	48	static
lv_display.c:897:31:invalidate_layout_cb	16	static
lv_display.c:904:13:scr_load_internal	24	static
lv_display.c:927:13:scr_load_anim_start	24	static
lv_display.c:937:13:opa_scale_anim	16	static
lv_display.c:942:13:set_x_anim	16	static
lv_display.c:947:13:set_y_anim	16	static
lv_display.c:952:13:scr_anim_ready	24	static
lv_display.c:967:13:is_out_anim	16	static
lv_display.c:976:13:disp_event_cb	24	static
