lv_area.h:126:20:lv_area_copy	16	static
lv_area.h:149:23:lv_area_get_height	16	static
lv_font.h:139:23:lv_font_get_line_height	16	static
lv_obj_style_gen.h:71:23:lv_obj_get_style_transform_width	24	static
lv_obj_style_gen.h:77:23:lv_obj_get_style_transform_height	24	static
lv_obj_style_gen.h:137:23:lv_obj_get_style_pad_top	24	static
lv_obj_style_gen.h:143:23:lv_obj_get_style_pad_bottom	24	static
lv_obj_style_gen.h:149:23:lv_obj_get_style_pad_left	24	static
lv_obj_style_gen.h:155:23:lv_obj_get_style_pad_right	24	static
lv_obj_style_gen.h:167:23:lv_obj_get_style_pad_column	24	static
lv_obj_style_gen.h:317:23:lv_obj_get_style_border_width	24	static
lv_obj_style_gen.h:527:33:lv_obj_get_style_text_font	24	static
lv_obj_style_gen.h:533:23:lv_obj_get_style_text_letter_space	24	static
lv_obj_style_gen.h:539:23:lv_obj_get_style_text_line_space	24	static
lv_obj_style_gen.h:623:29:lv_obj_get_style_base_dir	24	static
lv_checkbox.c:58:12:lv_checkbox_create	24	static
lv_checkbox.c:70:6:lv_checkbox_set_text	24	static
lv_checkbox.c:102:6:lv_checkbox_set_text_static	24	static
lv_checkbox.c:119:14:lv_checkbox_get_text	24	static
lv_checkbox.c:129:13:lv_checkbox_constructor	24	static
lv_checkbox.c:152:13:lv_checkbox_destructor	24	static
lv_checkbox.c:165:13:lv_checkbox_event	112	static
lv_checkbox.c:211:13:lv_checkbox_draw	360	static
