lv_area.h:138:23:lv_area_get_width	16	static
lv_color.h:177:23:lv_color_format_get_size	16	static
lv_string.h:56:20:lv_memzero	16	static
lv_draw_buf.c:51:6:_lv_draw_buf_init_handlers	8	static
lv_draw_buf.c:64:26:lv_draw_buf_get_handlers	4	static
lv_draw_buf.c:69:10:lv_draw_buf_width_to_stride	16	static
lv_draw_buf.c:75:8:lv_draw_buf_malloc	16	static
lv_draw_buf.c:81:6:lv_draw_buf_free	16	static
lv_draw_buf.c:86:8:lv_draw_buf_align	16	static
lv_draw_buf.c:92:6:lv_draw_buf_invalidate_cache	32	static
lv_draw_buf.c:97:8:lv_draw_buf_go_to_xy	40	static
lv_draw_buf.c:104:6:lv_draw_buf_clear	40	static
lv_draw_buf.c:109:6:lv_draw_buf_copy	56	static
lv_draw_buf.c:122:15:buf_malloc	16	static
lv_draw_buf.c:131:13:buf_free	16	static
lv_draw_buf.c:136:15:buf_align	24	static
lv_draw_buf.c:148:17:width_to_stride	24	static
lv_draw_buf.c:156:15:buf_go_to_xy	32	static
lv_draw_buf.c:166:13:buf_clear	48	static
lv_draw_buf.c:188:13:buf_copy	56	static
