lv_area.h:139:23:lv_area_get_width	16	static
lv_color.h:195:23:lv_color_format_get_size	16	static
lv_string.h:65:20:lv_memzero	16	static
lv_draw_buf.c:43:6:_lv_draw_buf_init_handlers	8	static
lv_draw_buf.c:53:26:lv_draw_buf_get_handlers	4	static
lv_draw_buf.c:58:10:lv_draw_buf_width_to_stride	16	static
lv_draw_buf.c:64:8:lv_draw_buf_malloc	16	static
lv_draw_buf.c:70:6:lv_draw_buf_free	16	static
lv_draw_buf.c:75:8:lv_draw_buf_align	16	static
lv_draw_buf.c:81:6:lv_draw_buf_invalidate_cache	32	static
lv_draw_buf.c:86:6:lv_draw_buf_clear	48	static
lv_draw_buf.c:107:6:lv_draw_buf_copy	56	static
lv_draw_buf.c:137:17:lv_draw_buf_create	40	static
lv_draw_buf.c:177:6:lv_draw_buf_destroy	16	static
lv_draw_buf.c:187:8:lv_draw_buf_goto_xy	32	static
lv_draw_buf.c:201:17:lv_draw_buf_adjust_stride	40	static
lv_draw_buf.c:237:15:buf_malloc	16	static
lv_draw_buf.c:246:13:buf_free	16	static
lv_draw_buf.c:251:15:buf_align	24	static
lv_draw_buf.c:263:17:width_to_stride	24	static
