lv_string.h:65:20:lv_memzero	16	static
lv_ll.h:85:20:_lv_ll_clear	16	static
lv_image_decoder.c:46:6:_lv_image_decoder_init	8	static
lv_image_decoder.c:54:6:_lv_image_decoder_deinit	8	static
lv_image_decoder.c:59:13:lv_image_decoder_get_info	32	static
lv_image_decoder.c:86:13:lv_image_decoder_open	48	static
lv_image_decoder.c:164:13:lv_image_decoder_get_area	40	static
lv_image_decoder.c:173:6:lv_image_decoder_close	16	static
lv_image_decoder.c:190:22:lv_image_decoder_create	16	static
lv_image_decoder.c:202:6:lv_image_decoder_delete	16	static
lv_image_decoder.c:208:22:lv_image_decoder_get_next	16	static
lv_image_decoder.c:216:6:lv_image_decoder_set_info_cb	16	static
lv_image_decoder.c:221:6:lv_image_decoder_set_open_cb	16	static
lv_image_decoder.c:226:6:lv_image_decoder_set_get_area_cb	16	static
lv_image_decoder.c:231:6:lv_image_decoder_set_close_cb	16	static
lv_image_decoder.c:236:17:img_width_to_stride	24	static
