lv_area.h:126:20:lv_area_copy	16	static
lv_area.h:139:23:lv_area_get_width	16	static
lv_area.h:149:23:lv_area_get_height	16	static
lv_anim.h:199:20:lv_anim_set_var	16	static
lv_anim.h:211:20:lv_anim_set_exec_cb	16	static
lv_anim.h:221:20:lv_anim_set_duration	16	static
lv_anim.h:250:20:lv_anim_set_values	24	static
lv_anim.h:306:20:lv_anim_set_ready_cb	16	static
lv_obj_style_gen.h:71:23:lv_obj_get_style_transform_width	24	static
lv_obj_style_gen.h:77:23:lv_obj_get_style_transform_height	24	static
lv_obj_style_gen.h:137:23:lv_obj_get_style_pad_top	24	static
lv_obj_style_gen.h:143:23:lv_obj_get_style_pad_bottom	24	static
lv_obj_style_gen.h:149:23:lv_obj_get_style_pad_left	24	static
lv_obj_style_gen.h:155:23:lv_obj_get_style_pad_right	24	static
lv_obj_style_gen.h:557:23:lv_obj_get_style_radius	24	static
lv_obj_style_gen.h:599:24:lv_obj_get_style_anim_time	24	static
lv_obj_style_gen.h:623:29:lv_obj_get_style_base_dir	24	static
lv_bar.c:79:12:lv_bar_create	24	static
lv_bar.c:91:6:lv_bar_set_value	40	static
lv_bar.c:106:6:lv_bar_set_start_value	40	static
lv_bar.c:124:6:lv_bar_set_range	40	static
lv_bar.c:154:6:lv_bar_set_mode	24	static
lv_bar.c:171:9:lv_bar_get_value	24	static
lv_bar.c:179:9:lv_bar_get_start_value	24	static
lv_bar.c:189:9:lv_bar_get_min_value	24	static
lv_bar.c:196:9:lv_bar_get_max_value	24	static
lv_bar.c:204:15:lv_bar_get_mode	24	static
lv_bar.c:212:6:lv_bar_is_symmetrical	24	static
lv_bar.c:225:13:lv_bar_constructor	24	static
lv_bar.c:252:13:lv_bar_destructor	24	static
lv_bar.c:261:13:draw_indic	464	static
lv_bar.c:478:13:lv_bar_event	56	static
lv_bar.c:519:13:lv_bar_anim	24	static
lv_bar.c:526:13:lv_bar_anim_ready	32	static
lv_bar.c:540:13:lv_bar_set_value_with_anim	112	static
lv_bar.c:580:13:lv_bar_init_anim	16	static
