lv_anim.h:199:20:lv_anim_set_var	16	static
lv_anim.h:211:20:lv_anim_set_exec_cb	16	static
lv_anim.h:221:20:lv_anim_set_duration	16	static
lv_anim.h:250:20:lv_anim_set_values	24	static
lv_anim.h:326:20:lv_anim_set_playback_duration	16	static
lv_anim.h:354:20:lv_anim_set_repeat_count	16	static
lv_display.h:378:34:lv_screen_active	8	static
lv_obj_pos.h:184:20:lv_obj_center	16	static
lv_example_flex_5.c:4:13:row_gap_anim	16	static
lv_example_flex_5.c:9:13:column_gap_anim	16	static
lv_example_flex_5.c:17:6:lv_example_flex_5	112	static
