main.c:128:5:main	24	static,ignoring_inline_asm
main.c:247:6:SystemClock_Config	120	static
main.c:305:6:PeriphCommonClock_Config	192	static
main.c:332:13:MX_CRC_Init	8	static
main.c:363:13:MX_DMA2D_Init	8	static
main.c:403:13:MX_I2C4_Init	8	static
main.c:449:13:MX_LTDC_Init	64	static
main.c:511:13:MX_OCTOSPI1_Init	40	static
main.c:576:13:MX_OCTOSPI2_Init	80	static
main.c:656:13:MX_SPI2_Init	8	static
main.c:704:13:MX_SPI3_Init	8	static
main.c:752:13:MX_USART1_UART_Init	8	static
main.c:800:13:MX_USART3_UART_Init	8	static
main.c:848:13:MX_GPIO_Init	64	static
main.c:972:1:__io_putchar	16	static
main.c:988:6:HAL_UART_RxCpltCallback	16	static
main.c:1002:6:StartDefaultTask	16	static
main.c:1020:6:MPU_Config	24	static
main.c:1063:6:HAL_TIM_PeriodElapsedCallback	16	static
main.c:1080:6:Error_Handler	4	static,ignoring_inline_asm
