main.c:129:5:main	24	static,ignoring_inline_asm
main.c:248:6:SystemClock_Config	120	static
main.c:306:6:PeriphCommonClock_Config	192	static
main.c:333:13:MX_CRC_Init	8	static
main.c:364:13:MX_DMA2D_Init	8	static
main.c:404:13:MX_I2C4_Init	8	static
main.c:450:13:MX_LTDC_Init	64	static
main.c:512:13:MX_OCTOSPI1_Init	40	static
main.c:577:13:MX_OCTOSPI2_Init	80	static
main.c:657:13:MX_SPI2_Init	8	static
main.c:705:13:MX_SPI3_Init	8	static
main.c:753:13:MX_USART1_UART_Init	8	static
main.c:801:13:MX_USART3_UART_Init	8	static
main.c:849:13:MX_GPIO_Init	64	static
main.c:973:1:__io_putchar	16	static
main.c:989:6:HAL_UART_RxCpltCallback	16	static
main.c:1003:6:StartDefaultTask	16	static
main.c:1021:6:MPU_Config	24	static
main.c:1064:6:HAL_TIM_PeriodElapsedCallback	16	static
main.c:1081:6:Error_Handler	4	static,ignoring_inline_asm
