lv_color_op.h:89:23:lv_color_brightness	24	static
lv_display.h:378:34:lv_screen_active	8	static
lv_obj_pos.h:184:20:lv_obj_center	16	static
lv_obj_style_gen.h:149:23:lv_obj_get_style_pad_left	24	static
lv_obj_style_gen.h:197:26:lv_obj_get_style_bg_color	24	static
lv_obj_style.h:241:20:lv_obj_set_style_pad_hor	24	static
lv_slider.h:77:20:lv_slider_set_value	24	static
lv_slider.h:99:20:lv_slider_set_range	24	static
lv_example_menu_5.c:20:6:lv_example_menu_5	88	static
lv_example_menu_5.c:114:13:back_event_handler	32	static
lv_example_menu_5.c:127:13:switch_handler	32	static
lv_example_menu_5.c:147:19:create_text	40	static
lv_example_menu_5.c:175:19:create_slider	32	static
lv_example_menu_5.c:192:19:create_switch	32	static
