ER-TPC050A2-2_GSL1680F_C.c:5185:6:GSL1680_Init	8	static
ER-TPC050A2-2_GSL1680F_C.c:5190:5:gsl_ts_write	48	static
ER-TPC050A2-2_GSL1680F_C.c:5206:5:gsl_ts_read	40	static
ER-TPC050A2-2_GSL1680F_C.c:5222:13:clr_reg	16	static
ER-TPC050A2-2_GSL1680F_C.c:5240:13:reset_chip	16	static
ER-TPC050A2-2_GSL1680F_C.c:5262:13:gsl_load_fw	32	static
ER-TPC050A2-2_GSL1680F_C.c:5303:13:startup_chip	16	static
ER-TPC050A2-2_GSL1680F_C.c:5325:6:check_mem_data	8	static
ER-TPC050A2-2_GSL1680F_C.c:5346:6:dataread	16	static
ER-TPC050A2-2_GSL1680F_C.c:5361:6:get_stato	16	static
