lv_string.h:65:20:lv_memzero	16	static
lv_area.h:139:23:lv_area_get_width	16	static
lv_area.h:286:20:lv_point_set	24	static
lv_area.h:292:20:lv_point_precise_set	24	static
lv_font.h:139:23:lv_font_get_line_height	16	static
lv_text.h:154:20:_lv_text_is_break_char	24	static
lv_obj_style_gen.h:17:23:lv_obj_get_style_width	24	static
lv_obj_style_gen.h:35:23:lv_obj_get_style_height	24	static
lv_obj_style_gen.h:509:26:lv_obj_get_style_text_color	24	static
lv_obj_style_gen.h:521:24:lv_obj_get_style_text_opa	24	static
lv_obj_style_gen.h:527:33:lv_obj_get_style_text_font	24	static
lv_obj_style_gen.h:533:23:lv_obj_get_style_text_letter_space	24	static
lv_obj_style_gen.h:539:23:lv_obj_get_style_text_line_space	24	static
lv_obj_style_gen.h:545:31:lv_obj_get_style_text_decor	24	static
lv_obj_style_gen.h:551:31:lv_obj_get_style_text_align	24	static
lv_obj_style_gen.h:611:31:lv_obj_get_style_blend_mode	24	static
lv_span.c:90:6:lv_span_stack_init	16	static
lv_span.c:99:6:lv_span_stack_deinit	8	static
lv_span.c:104:12:lv_spangroup_create	24	static
lv_span.c:111:13:lv_spangroup_new_span	24	static
lv_span.c:132:6:lv_spangroup_delete_span	24	static
lv_span.c:162:6:lv_span_set_text	24	static
lv_span.c:187:6:lv_span_set_text_static	16	static
lv_span.c:203:6:lv_spangroup_set_align	16	static
lv_span.c:208:6:lv_spangroup_set_overflow	24	static
lv_span.c:218:6:lv_spangroup_set_indent	24	static
lv_span.c:229:6:lv_spangroup_set_mode	24	static
lv_span.c:240:6:lv_spangroup_set_max_lines	24	static
lv_span.c:252:13:lv_spangroup_get_child	40	static
lv_span.c:289:10:lv_spangroup_get_span_count	24	static
lv_span.c:302:17:lv_spangroup_get_align	16	static
lv_span.c:307:20:lv_spangroup_get_overflow	24	static
lv_span.c:314:9:lv_spangroup_get_indent	24	static
lv_span.c:321:16:lv_spangroup_get_mode	24	static
lv_span.c:328:9:lv_spangroup_get_max_lines	24	static
lv_span.c:335:6:lv_spangroup_refr_mode	32	static
lv_span.c:369:9:lv_spangroup_get_max_line_height	40	static
lv_span.c:387:10:lv_spangroup_get_expand_width	56	static
lv_span.c:419:9:lv_spangroup_get_expand_height	144	static
lv_span.c:528:13:lv_spangroup_constructor	24	static
lv_span.c:542:13:lv_spangroup_destructor	24	static
lv_span.c:559:13:lv_spangroup_event	40	static
lv_span.c:616:13:draw_main	24	static
lv_span.c:627:13:lv_text_get_snippet	40	static
lv_span.c:655:13:lv_snippet_push	24	static
lv_span.c:667:17:lv_get_snippet_count	4	static
lv_span.c:672:23:lv_get_snippet	16	static
lv_span.c:677:13:lv_snippet_clear	4	static
lv_span.c:682:26:lv_span_get_style_text_font	32	static
lv_span.c:696:16:lv_span_get_style_text_letter_space	32	static
lv_span.c:710:19:lv_span_get_style_text_color	24	static
lv_span.c:720:17:lv_span_get_style_text_opa	24	static
lv_span.c:734:24:lv_span_get_style_text_blend_mode	24	static
lv_span.c:748:16:lv_span_get_style_text_decor	32	static
lv_span.c:762:20:span_text_check	16	static
lv_span.c:770:16:convert_indent_pct	24	static
lv_span.c:793:13:lv_draw_span	448	static
lv_span.c:1064:13:refresh_self_size	24	static
