lv_area.h:126:20:lv_area_copy	16	static
lv_area.h:139:23:lv_area_get_width	16	static
lv_area.h:149:23:lv_area_get_height	16	static
lv_obj_style_gen.h:17:23:lv_obj_get_style_width	24	static
lv_obj_style_gen.h:23:23:lv_obj_get_style_min_width	24	static
lv_obj_style_gen.h:29:23:lv_obj_get_style_max_width	24	static
lv_obj_style_gen.h:35:23:lv_obj_get_style_height	24	static
lv_obj_style_gen.h:41:23:lv_obj_get_style_min_height	24	static
lv_obj_style_gen.h:47:23:lv_obj_get_style_max_height	24	static
lv_obj_style_gen.h:83:23:lv_obj_get_style_translate_x	24	static
lv_obj_style_gen.h:89:23:lv_obj_get_style_translate_y	24	static
lv_obj_style_gen.h:137:23:lv_obj_get_style_pad_top	24	static
lv_obj_style_gen.h:149:23:lv_obj_get_style_pad_left	24	static
lv_obj_style_gen.h:161:23:lv_obj_get_style_pad_row	24	static
lv_obj_style_gen.h:167:23:lv_obj_get_style_pad_column	24	static
lv_obj_style_gen.h:173:23:lv_obj_get_style_margin_top	24	static
lv_obj_style_gen.h:179:23:lv_obj_get_style_margin_bottom	24	static
lv_obj_style_gen.h:185:23:lv_obj_get_style_margin_left	24	static
lv_obj_style_gen.h:191:23:lv_obj_get_style_margin_right	24	static
lv_obj_style_gen.h:317:23:lv_obj_get_style_border_width	24	static
lv_obj_style_gen.h:323:32:lv_obj_get_style_border_side	24	static
lv_obj_style_gen.h:623:29:lv_obj_get_style_base_dir	24	static
lv_obj_style_gen.h:629:30:lv_obj_get_style_flex_flow	24	static
lv_obj_style_gen.h:635:31:lv_obj_get_style_flex_main_place	24	static
lv_obj_style_gen.h:641:31:lv_obj_get_style_flex_cross_place	24	static
lv_obj_style_gen.h:647:31:lv_obj_get_style_flex_track_place	24	static
lv_obj_style_gen.h:653:23:lv_obj_get_style_flex_grow	24	static
lv_obj_style.h:293:23:lv_obj_get_style_space_left	32	static
lv_obj_style.h:309:23:lv_obj_get_style_space_top	32	static
lv_flex.c:95:6:lv_flex_init	4	static
lv_flex.c:102:6:lv_obj_set_flex_flow	16	static
lv_flex.c:108:6:lv_obj_set_flex_align	16	static
lv_flex.c:117:6:lv_obj_set_flex_grow	16	static
lv_flex.c:127:13:flex_update	176	static
lv_flex.c:234:16:find_track_end	64	static
lv_flex.c:318:13:children_repos	168	static
lv_flex.c:470:13:place_content	24	static
lv_flex.c:510:19:get_next_item	24	static
lv_flex.c:524:16:lv_obj_get_width_with_margin	24	static
lv_flex.c:531:16:lv_obj_get_height_with_margin	24	static
