lv_color.h:220:24:lv_color_to_int	24	static
lv_color.h:232:20:lv_color_eq	24	static
lv_color.h:253:26:lv_color_hex	24	static
lv_color.h:269:26:lv_color_make	24	static
lv_color.h:396:26:lv_color_white	16	static
lv_color_op.h:49:48:lv_color_mix	32	static
lv_color_op.h:95:20:lv_color_filter_dsc_init	16	static
lv_style.h:551:20:lv_style_set_size	24	static
lv_style.h:557:20:lv_style_set_pad_all	16	static
lv_style.h:565:20:lv_style_set_pad_hor	16	static
lv_style.h:571:20:lv_style_set_pad_ver	16	static
lv_style.h:577:20:lv_style_set_pad_gap	16	static
lv_theme_default.c:199:19:dark_color_filter_cb	32	static
lv_theme_default.c:205:19:grey_filter_cb	40	static
lv_theme_default.c:212:13:style_init	96	static
lv_theme_default.c:652:14:lv_theme_default_init	48	static
lv_theme_default.c:705:6:lv_theme_default_deinit	24	static
lv_theme_default.c:722:14:lv_theme_default_get	8	static
lv_theme_default.c:731:6:lv_theme_default_is_inited	16	static
lv_theme_default.c:738:13:theme_apply	32	static
lv_theme_default.c:1233:13:style_init_reset	16	static
