lv_area.h:126:20:lv_area_copy	16	static
lv_area.h:139:23:lv_area_get_width	16	static
lv_anim.h:199:20:lv_anim_set_var	16	static
lv_anim.h:211:20:lv_anim_set_exec_cb	16	static
lv_anim.h:221:20:lv_anim_set_duration	16	static
lv_anim.h:250:20:lv_anim_set_values	24	static
lv_anim.h:306:20:lv_anim_set_ready_cb	16	static
lv_obj_style_gen.h:137:23:lv_obj_get_style_pad_top	24	static
lv_obj_style_gen.h:143:23:lv_obj_get_style_pad_bottom	24	static
lv_obj_style_gen.h:149:23:lv_obj_get_style_pad_left	24	static
lv_obj_style_gen.h:155:23:lv_obj_get_style_pad_right	24	static
lv_obj_style_gen.h:599:24:lv_obj_get_style_anim_time	24	static
lv_obj_style_gen.h:623:29:lv_obj_get_style_base_dir	24	static
lv_switch.c:73:12:lv_switch_create	24	static
lv_switch.c:85:13:lv_switch_constructor	24	static
lv_switch.c:101:13:lv_switch_destructor	24	static
lv_switch.c:109:13:lv_switch_event	56	static
lv_switch.c:146:13:draw_main	320	static
lv_switch.c:205:13:lv_switch_anim_exec_cb	24	static
lv_switch.c:215:13:lv_switch_anim_ready	24	static
lv_switch.c:226:13:lv_switch_trigger_anim	128	static
