lv_display.h:558:23:lv_dpx	16	static
lv_obj_style_gen.h:137:23:lv_obj_get_style_pad_top	24	static
lv_obj_style_gen.h:143:23:lv_obj_get_style_pad_bottom	24	static
lv_obj_style_gen.h:149:23:lv_obj_get_style_pad_left	24	static
lv_obj_style_gen.h:155:23:lv_obj_get_style_pad_right	24	static
lv_obj_style_gen.h:335:23:lv_obj_get_style_outline_width	24	static
lv_obj_style_gen.h:359:23:lv_obj_get_style_outline_pad	24	static
lv_obj_style_gen.h:365:23:lv_obj_get_style_shadow_width	24	static
lv_obj_style_gen.h:371:23:lv_obj_get_style_shadow_offset_x	24	static
lv_obj_style_gen.h:377:23:lv_obj_get_style_shadow_offset_y	24	static
lv_obj_style_gen.h:383:23:lv_obj_get_style_shadow_spread	24	static
lv_obj_style_gen.h:473:23:lv_obj_get_style_arc_width	24	static
lv_obj_style_gen.h:479:20:lv_obj_get_style_arc_rounded	24	static
lv_arc.c:70:12:lv_arc_create	24	static
lv_arc.c:90:6:lv_arc_set_start_angle	32	static
lv_arc.c:114:6:lv_arc_set_end_angle	32	static
lv_arc.c:137:6:lv_arc_set_angles	24	static
lv_arc.c:143:6:lv_arc_set_bg_start_angle	32	static
lv_arc.c:165:6:lv_arc_set_bg_end_angle	32	static
lv_arc.c:187:6:lv_arc_set_bg_angles	24	static
lv_arc.c:193:6:lv_arc_set_rotation	24	static
lv_arc.c:203:6:lv_arc_set_mode	32	static
lv_arc.c:232:6:lv_arc_set_value	24	static
lv_arc.c:249:6:lv_arc_set_range	32	static
lv_arc.c:269:6:lv_arc_set_change_rate	24	static
lv_arc.c:277:6:lv_arc_set_knob_offset	24	static
lv_arc.c:289:20:lv_arc_get_angle_start	16	static
lv_arc.c:295:20:lv_arc_get_angle_end	16	static
lv_arc.c:301:20:lv_arc_get_bg_angle_start	16	static
lv_arc.c:307:20:lv_arc_get_bg_angle_end	16	static
lv_arc.c:313:9:lv_arc_get_value	16	static
lv_arc.c:319:9:lv_arc_get_min_value	16	static
lv_arc.c:325:9:lv_arc_get_max_value	16	static
lv_arc.c:331:15:lv_arc_get_mode	16	static
lv_arc.c:337:9:lv_arc_get_rotation	16	static
lv_arc.c:343:9:lv_arc_get_knob_offset	16	static
lv_arc.c:353:6:lv_arc_align_obj_to_angle	64	static
lv_arc.c:374:6:lv_arc_rotate_obj_to_angle	64	static
lv_arc.c:405:13:lv_arc_constructor	24	static
lv_arc.c:436:13:lv_arc_event	232	static
lv_arc.c:671:13:lv_arc_draw	256	static
lv_arc.c:722:13:inv_arc_area	88	static
lv_arc.c:755:13:inv_knob_area	48	static
lv_arc.c:773:13:get_center	56	static
lv_arc.c:789:27:get_angle	40	static
lv_arc.c:814:13:get_knob_area	64	static
lv_arc.c:840:13:value_update	56	static
lv_arc.c:885:16:knob_get_extra_size	24	static
lv_arc.c:922:13:lv_arc_angle_within_bg_bounds	40	static
