lv_area.h:125:20:lv_area_copy	16	static
lv_area.h:138:23:lv_area_get_width	16	static
lv_area.h:148:23:lv_area_get_height	16	static
lv_string.h:56:20:lv_memzero	16	static
lv_draw_sw_mask.c:80:6:lv_draw_sw_mask_init	8	static
lv_draw_sw_mask.c:85:6:lv_draw_sw_mask_deinit	8	static
lv_draw_sw_mask.c:90:45:lv_draw_sw_mask_apply	56	static
lv_draw_sw_mask.c:116:6:lv_draw_sw_mask_free_param	24	static
lv_draw_sw_mask.c:136:6:_lv_draw_sw_mask_cleanup	16	static
lv_draw_sw_mask.c:158:6:lv_draw_sw_mask_line_points_init	48	static
lv_draw_sw_mask.c:253:6:lv_draw_sw_mask_line_angle_init	40	static
lv_draw_sw_mask.c:279:6:lv_draw_sw_mask_angle_init	48	static
lv_draw_sw_mask.c:340:6:lv_draw_sw_mask_radius_init	64	static
lv_draw_sw_mask.c:412:6:lv_draw_sw_mask_fade_init	24	static
lv_draw_sw_mask.c:431:6:lv_draw_sw_mask_map_init	24	static
lv_draw_sw_mask.c:443:52:lv_draw_mask_line	48	static
lv_draw_sw_mask.c:503:52:line_mask_flat	64	static
lv_draw_sw_mask.c:620:52:line_mask_steep	80	static
lv_draw_sw_mask.c:763:52:lv_draw_mask_angle	96	static
lv_draw_sw_mask.c:901:52:lv_draw_mask_radius	128	static
lv_draw_sw_mask.c:1011:52:lv_draw_mask_fade	56	static
lv_draw_sw_mask.c:1057:52:lv_draw_mask_map	48	static
lv_draw_sw_mask.c:1097:13:circ_init	24	static
lv_draw_sw_mask.c:1109:13:circ_cont	16	static
lv_draw_sw_mask.c:1119:13:circ_next	16	static
lv_draw_sw_mask.c:1132:13:circ_calc_aa4	120	static
lv_draw_sw_mask.c:1281:19:get_next_line	24	static
lv_draw_sw_mask.c:1289:46:mask_mix	16	static
