lv_draw_sw.c:83:6:lv_draw_sw_init	16	static
lv_draw_sw.c:108:6:lv_draw_sw_deinit	8	static
lv_draw_sw.c:119:16:lv_draw_sw_delete	16	static
lv_draw_sw.c:138:6:lv_draw_sw_rgb565_swap	32	static
lv_draw_sw.c:169:6:lv_draw_sw_rotate	40	static
lv_draw_sw.c:193:20:execute_drawing_unit	16	static
lv_draw_sw.c:204:16:evaluate	24	static
lv_draw_sw.c:231:16:dispatch	32	static
lv_draw_sw.c:300:13:execute_drawing	24	static
lv_draw_sw.c:391:13:rotate90_argb8888	40	static
lv_draw_sw.c:408:13:rotate180_argb8888	40	static
lv_draw_sw.c:423:13:rotate270_argb8888	40	static
lv_draw_sw.c:440:13:rotate90_rgb888	40	static
lv_draw_sw.c:454:13:rotate180_rgb888	40	static
lv_draw_sw.c:469:13:rotate270_rgb888	40	static
lv_draw_sw.c:483:13:rotate90_rgb565	40	static
lv_draw_sw.c:500:13:rotate180_rgb565	40	static
lv_draw_sw.c:515:13:rotate270_rgb565	40	static
