lv_obj_event.c:45:13:lv_obj_send_event	56	static
lv_obj_event.c:72:13:lv_obj_event_base	24	static
lv_obj_event.c:95:6:lv_obj_add_event	24	static
lv_obj_event.c:104:10:lv_obj_get_event_count	32	static
lv_obj_event.c:111:18:lv_obj_get_event_dsc	32	static
lv_obj_event.c:118:6:lv_obj_remove_event	32	static
lv_obj_event.c:125:6:lv_obj_remove_event_cb	48	static
lv_obj_event.c:142:12:lv_event_get_current_target_obj	16	static
lv_obj_event.c:147:12:lv_event_get_target_obj	16	static
lv_obj_event.c:152:14:lv_event_get_indev	24	static
lv_obj_event.c:179:14:lv_event_get_layer	24	static
lv_obj_event.c:195:19:lv_event_get_old_size	24	static
lv_obj_event.c:206:10:lv_event_get_key	32	static
lv_obj_event.c:219:13:lv_event_get_scroll_anim	24	static
lv_obj_event.c:230:6:lv_event_set_ext_draw_size	32	static
lv_obj_event.c:241:14:lv_event_get_self_size_info	24	static
lv_obj_event.c:252:22:lv_event_get_hit_test_info	24	static
lv_obj_event.c:263:19:lv_event_get_cover_area	32	static
lv_obj_event.c:275:6:lv_event_set_cover_res	32	static
lv_obj_event.c:286:18:lv_event_get_draw_task	24	static
lv_obj_event.c:302:20:event_send_core	40	static
lv_obj_event.c:336:13:event_is_bubbled	16	static
