lv_anim.h:199:20:lv_anim_set_var	16	static
lv_anim.h:211:20:lv_anim_set_exec_cb	16	static
lv_anim.h:221:20:lv_anim_set_duration	16	static
lv_anim.h:239:20:lv_anim_set_delay	16	static
lv_anim.h:306:20:lv_anim_set_ready_cb	16	static
lv_obj_tree.c:53:6:lv_obj_delete	32	static
lv_obj_tree.c:91:6:lv_obj_clean	24	static
lv_obj_tree.c:121:6:lv_obj_delete_delayed	104	static
lv_obj_tree.c:133:6:lv_obj_delete_anim_ready_cb	16	static
lv_obj_tree.c:138:6:lv_obj_delete_async	16	static
lv_obj_tree.c:144:6:lv_obj_set_parent	32	static
lv_obj_tree.c:201:6:lv_obj_move_to_index	32	static
lv_obj_tree.c:241:6:lv_obj_swap	32	static
lv_obj_tree.c:274:12:lv_obj_get_screen	24	static
lv_obj_tree.c:289:16:lv_obj_get_disp	32	static
lv_obj_tree.c:311:12:lv_obj_get_parent	16	static
lv_obj_tree.c:319:12:lv_obj_get_child	24	static
lv_obj_tree.c:339:12:lv_obj_get_child_by_type	32	static
lv_obj_tree.c:367:12:lv_obj_get_sibling	24	static
lv_obj_tree.c:376:12:lv_obj_get_sibling_by_type	32	static
lv_obj_tree.c:387:10:lv_obj_get_child_count	16	static
lv_obj_tree.c:394:10:lv_obj_get_child_count_by_type	24	static
lv_obj_tree.c:407:9:lv_obj_get_index	24	static
lv_obj_tree.c:422:9:lv_obj_get_index_by_type	32	static
lv_obj_tree.c:443:6:lv_obj_tree_walk	24	static
lv_obj_tree.c:448:6:lv_obj_dump_tree	24	static
lv_obj_tree.c:469:13:lv_obj_delete_async_cb	16	static
lv_obj_tree.c:476:13:obj_delete_core	64	static
lv_obj_tree.c:562:31:walk_core	40	static
lv_obj_tree.c:592:31:dump_tree_core	24	static
lv_obj_tree.c:624:19:lv_obj_get_first_not_deleting_child	24	static
