lv_area.h:126:20:lv_area_copy	16	static
lv_area.h:139:23:lv_area_get_width	16	static
lv_area.h:149:23:lv_area_get_height	16	static
lv_obj_style_gen.h:17:23:lv_obj_get_style_width	24	static
lv_obj_style_gen.h:23:23:lv_obj_get_style_min_width	24	static
lv_obj_style_gen.h:29:23:lv_obj_get_style_max_width	24	static
lv_obj_style_gen.h:35:23:lv_obj_get_style_height	24	static
lv_obj_style_gen.h:41:23:lv_obj_get_style_min_height	24	static
lv_obj_style_gen.h:47:23:lv_obj_get_style_max_height	24	static
lv_obj_style_gen.h:53:23:lv_obj_get_style_x	24	static
lv_obj_style_gen.h:59:23:lv_obj_get_style_y	24	static
lv_obj_style_gen.h:65:26:lv_obj_get_style_align	24	static
lv_obj_style_gen.h:83:23:lv_obj_get_style_translate_x	24	static
lv_obj_style_gen.h:89:23:lv_obj_get_style_translate_y	24	static
lv_obj_style_gen.h:95:23:lv_obj_get_style_transform_scale_x	24	static
lv_obj_style_gen.h:101:23:lv_obj_get_style_transform_scale_y	24	static
lv_obj_style_gen.h:107:23:lv_obj_get_style_transform_rotation	24	static
lv_obj_style_gen.h:113:23:lv_obj_get_style_transform_pivot_x	24	static
lv_obj_style_gen.h:119:23:lv_obj_get_style_transform_pivot_y	24	static
lv_obj_style_gen.h:137:23:lv_obj_get_style_pad_top	24	static
lv_obj_style_gen.h:143:23:lv_obj_get_style_pad_bottom	24	static
lv_obj_style_gen.h:149:23:lv_obj_get_style_pad_left	24	static
lv_obj_style_gen.h:155:23:lv_obj_get_style_pad_right	24	static
lv_obj_style_gen.h:173:23:lv_obj_get_style_margin_top	24	static
lv_obj_style_gen.h:179:23:lv_obj_get_style_margin_bottom	24	static
lv_obj_style_gen.h:185:23:lv_obj_get_style_margin_left	24	static
lv_obj_style_gen.h:191:23:lv_obj_get_style_margin_right	24	static
lv_obj_style_gen.h:317:23:lv_obj_get_style_border_width	24	static
lv_obj_style_gen.h:323:32:lv_obj_get_style_border_side	24	static
lv_obj_style_gen.h:617:24:lv_obj_get_style_layout	24	static
lv_obj_style_gen.h:623:29:lv_obj_get_style_base_dir	24	static
lv_obj_style.h:293:23:lv_obj_get_style_space_left	32	static
lv_obj_style.h:301:23:lv_obj_get_style_space_right	32	static
lv_obj_style.h:309:23:lv_obj_get_style_space_top	32	static
lv_obj_style.h:317:23:lv_obj_get_style_space_bottom	32	static
lv_obj_style.h:327:23:lv_obj_get_style_transform_scale_x_safe	24	static
lv_obj_style.h:333:23:lv_obj_get_style_transform_scale_y_safe	24	static
lv_obj_pos.c:45:6:lv_obj_set_pos	24	static
lv_obj_pos.c:53:6:lv_obj_set_x	24	static
lv_obj_pos.c:67:6:lv_obj_set_y	24	static
lv_obj_pos.c:81:6:lv_obj_refr_size	104	static
lv_obj_pos.c:207:6:lv_obj_set_size	24	static
lv_obj_pos.c:215:6:lv_obj_set_width	24	static
lv_obj_pos.c:228:6:lv_obj_set_height	24	static
lv_obj_pos.c:241:6:lv_obj_set_content_width	24	static
lv_obj_pos.c:248:6:lv_obj_set_content_height	24	static
lv_obj_pos.c:255:6:lv_obj_set_layout	16	static
lv_obj_pos.c:264:6:lv_obj_is_layout_positioned	24	static
lv_obj_pos.c:276:6:lv_obj_mark_layout_as_dirty	24	static
lv_obj_pos.c:289:6:lv_obj_update_layout	24	static
lv_obj_pos.c:311:6:lv_obj_set_align	16	static
lv_obj_pos.c:316:6:lv_obj_align	24	static
lv_obj_pos.c:322:6:lv_obj_align_to	64	static
lv_obj_pos.c:467:6:lv_obj_get_coords	16	static
lv_obj_pos.c:474:9:lv_obj_get_x	24	static
lv_obj_pos.c:491:9:lv_obj_get_x2	24	static
lv_obj_pos.c:498:9:lv_obj_get_y	24	static
lv_obj_pos.c:515:9:lv_obj_get_y2	24	static
lv_obj_pos.c:522:9:lv_obj_get_x_aligned	16	static
lv_obj_pos.c:527:9:lv_obj_get_y_aligned	16	static
lv_obj_pos.c:532:9:lv_obj_get_width	16	static
lv_obj_pos.c:539:9:lv_obj_get_height	16	static
lv_obj_pos.c:546:9:lv_obj_get_content_width	24	static
lv_obj_pos.c:556:9:lv_obj_get_content_height	24	static
lv_obj_pos.c:566:6:lv_obj_get_content_coords	16	static
lv_obj_pos.c:578:9:lv_obj_get_self_width	24	static
lv_obj_pos.c:585:9:lv_obj_get_self_height	24	static
lv_obj_pos.c:592:6:lv_obj_refresh_self_size	24	static
lv_obj_pos.c:602:6:lv_obj_refr_pos	56	static
lv_obj_pos.c:678:6:lv_obj_move_to	88	static
lv_obj_pos.c:747:6:lv_obj_move_children_by	40	static
lv_obj_pos.c:763:6:lv_obj_transform_point	32	static
lv_obj_pos.c:779:6:lv_obj_get_transformed_area	56	static
lv_obj_pos.c:800:6:lv_obj_invalidate_area	40	static
lv_obj_pos.c:814:6:lv_obj_invalidate	40	static
lv_obj_pos.c:830:6:lv_obj_area_is_visible	80	static
lv_obj_pos.c:878:6:lv_obj_is_visible	40	static
lv_obj_pos.c:893:6:lv_obj_set_ext_click_area	16	static
lv_obj_pos.c:901:6:lv_obj_get_click_area	16	static
lv_obj_pos.c:909:6:lv_obj_hit_test	48	static
lv_obj_pos.c:929:9:lv_clamp_width	24	static
lv_obj_pos.c:936:9:lv_clamp_height	24	static
lv_obj_pos.c:947:16:calc_content_width	72	static
lv_obj_pos.c:1042:16:calc_content_height	56	static
lv_obj_pos.c:1094:13:layout_update_core	32	static
lv_obj_pos.c:1119:13:transform_point	64	static
