lv_color.h:220:24:lv_color_to_int	24	static
lv_color.h:232:20:lv_color_eq	24	static
lv_color_op.h:49:48:lv_color_mix	32	static
lv_ll.h:85:20:_lv_ll_clear	16	static
lv_anim.h:199:20:lv_anim_set_var	16	static
lv_anim.h:211:20:lv_anim_set_exec_cb	16	static
lv_anim.h:221:20:lv_anim_set_duration	16	static
lv_anim.h:239:20:lv_anim_set_delay	16	static
lv_anim.h:250:20:lv_anim_set_values	24	static
lv_anim.h:275:20:lv_anim_set_path_cb	16	static
lv_anim.h:285:20:lv_anim_set_start_cb	16	static
lv_anim.h:306:20:lv_anim_set_ready_cb	16	static
lv_anim.h:375:20:lv_anim_set_early_apply	16	static
lv_anim.h:385:20:lv_anim_set_user_data	16	static
lv_bidi.h:132:20:lv_bidi_calculate_align	24	static
lv_style.h:405:20:lv_style_is_const	16	static
lv_style.h:493:30:lv_style_get_prop_inlined	48	static
lv_style.h:533:24:_lv_style_get_prop_group	24	static
lv_style.h:599:20:lv_style_prop_has_flag	16	static
lv_string.h:65:20:lv_memzero	16	static
lv_obj_style.h:221:26:lv_obj_style_get_selector_state	16	static
lv_obj_style.h:226:25:lv_obj_style_get_selector_part	16	static
lv_obj_style_gen.h:17:23:lv_obj_get_style_width	24	static
lv_obj_style_gen.h:35:23:lv_obj_get_style_height	24	static
lv_obj_style_gen.h:95:23:lv_obj_get_style_transform_scale_x	24	static
lv_obj_style_gen.h:101:23:lv_obj_get_style_transform_scale_y	24	static
lv_obj_style_gen.h:107:23:lv_obj_get_style_transform_rotation	24	static
lv_obj_style_gen.h:125:23:lv_obj_get_style_transform_skew_x	24	static
lv_obj_style_gen.h:131:23:lv_obj_get_style_transform_skew_y	24	static
lv_obj_style_gen.h:551:31:lv_obj_get_style_text_align	24	static
lv_obj_style_gen.h:569:24:lv_obj_get_style_opa	24	static
lv_obj_style_gen.h:575:24:lv_obj_get_style_opa_layered	24	static
lv_obj_style_gen.h:581:45:lv_obj_get_style_color_filter_dsc	24	static
lv_obj_style_gen.h:587:24:lv_obj_get_style_color_filter_opa	24	static
lv_obj_style_gen.h:611:31:lv_obj_get_style_blend_mode	24	static
lv_obj_style_gen.h:623:29:lv_obj_get_style_base_dir	24	static
lv_obj_style.c:78:6:_lv_obj_style_init	8	static
lv_obj_style.c:83:6:_lv_obj_style_deinit	8	static
lv_obj_style.c:92:6:lv_obj_add_style	40	static
lv_obj_style.c:151:6:lv_obj_replace_style	48	static
lv_obj_style.c:197:6:lv_obj_remove_style	56	static
lv_obj_style.c:250:6:lv_obj_remove_style_all	16	static
lv_obj_style.c:255:6:lv_obj_report_style_change	24	static
lv_obj_style.c:269:6:lv_obj_refresh_style	40	static
lv_obj_style.c:320:6:lv_obj_enable_style_refresh	16	static
lv_obj_style.c:325:32:lv_style_prop_get_default_inlined	64	static
lv_obj_style.c:389:18:lv_obj_get_style_prop	56	static
lv_obj_style.c:459:6:lv_obj_set_local_style_prop	32	static
lv_obj_style.c:482:16:lv_obj_get_local_style_prop	32	static
lv_obj_style.c:496:6:lv_obj_remove_local_style_prop	32	static
lv_obj_style.c:521:6:_lv_obj_style_create_transition	136	static
lv_obj_style.c:575:18:_lv_obj_style_apply_color_filter	40	static
lv_obj_style.c:586:23:_lv_obj_style_state_compare	40	static
lv_obj_style.c:647:6:lv_obj_fade_in	112	static
lv_obj_style.c:660:6:lv_obj_fade_out	112	static
lv_obj_style.c:672:17:lv_obj_calculate_style_text_align	32	static
lv_obj_style.c:680:10:lv_obj_get_style_opa_recursive	24	static
lv_obj_style.c:724:21:get_local_style	32	static
lv_obj_style.c:762:26:get_trans_style	32	static
lv_obj_style.c:789:23:get_prop_core	72	static
lv_obj_style.c:846:13:report_style_change_core	24	static
lv_obj_style.c:868:13:refresh_children_style	32	static
lv_obj_style.c:891:13:trans_delete	40	static
lv_obj_style.c:925:13:trans_anim_cb	40	static
lv_obj_style.c:989:13:trans_anim_start_cb	40	static
lv_obj_style.c:1011:13:trans_anim_ready_cb	48	static
lv_obj_style.c:1049:24:calculate_layer_type	16	static
lv_obj_style.c:1061:13:full_cache_refresh	16	static
lv_obj_style.c:1111:13:fade_anim_cb	16	static
lv_obj_style.c:1116:13:fade_in_anim_ready	16	static
lv_obj_style.c:1121:13:style_has_flag	32	static
