lv_area.h:139:23:lv_area_get_width	16	static
lv_area.h:149:23:lv_area_get_height	16	static
lv_obj_style_gen.h:71:23:lv_obj_get_style_transform_width	24	static
lv_obj_style_gen.h:77:23:lv_obj_get_style_transform_height	24	static
lv_obj_style_gen.h:203:26:lv_obj_get_style_bg_color_filtered	32	static
lv_obj_style_gen.h:209:24:lv_obj_get_style_bg_opa	24	static
lv_obj_style_gen.h:221:26:lv_obj_get_style_bg_grad_color_filtered	32	static
lv_obj_style_gen.h:227:29:lv_obj_get_style_bg_grad_dir	24	static
lv_obj_style_gen.h:233:23:lv_obj_get_style_bg_main_stop	24	static
lv_obj_style_gen.h:239:23:lv_obj_get_style_bg_grad_stop	24	static
lv_obj_style_gen.h:245:24:lv_obj_get_style_bg_main_opa	24	static
lv_obj_style_gen.h:251:24:lv_obj_get_style_bg_grad_opa	24	static
lv_obj_style_gen.h:257:37:lv_obj_get_style_bg_grad	24	static
lv_obj_style_gen.h:263:28:lv_obj_get_style_bg_image_src	24	static
lv_obj_style_gen.h:269:24:lv_obj_get_style_bg_image_opa	24	static
lv_obj_style_gen.h:281:26:lv_obj_get_style_bg_image_recolor_filtered	32	static
lv_obj_style_gen.h:287:24:lv_obj_get_style_bg_image_recolor_opa	24	static
lv_obj_style_gen.h:293:20:lv_obj_get_style_bg_image_tiled	24	static
lv_obj_style_gen.h:305:26:lv_obj_get_style_border_color_filtered	32	static
lv_obj_style_gen.h:311:24:lv_obj_get_style_border_opa	24	static
lv_obj_style_gen.h:317:23:lv_obj_get_style_border_width	24	static
lv_obj_style_gen.h:323:32:lv_obj_get_style_border_side	24	static
lv_obj_style_gen.h:335:23:lv_obj_get_style_outline_width	24	static
lv_obj_style_gen.h:347:26:lv_obj_get_style_outline_color_filtered	32	static
lv_obj_style_gen.h:353:24:lv_obj_get_style_outline_opa	24	static
lv_obj_style_gen.h:359:23:lv_obj_get_style_outline_pad	24	static
lv_obj_style_gen.h:365:23:lv_obj_get_style_shadow_width	24	static
lv_obj_style_gen.h:371:23:lv_obj_get_style_shadow_offset_x	24	static
lv_obj_style_gen.h:377:23:lv_obj_get_style_shadow_offset_y	24	static
lv_obj_style_gen.h:383:23:lv_obj_get_style_shadow_spread	24	static
lv_obj_style_gen.h:395:26:lv_obj_get_style_shadow_color_filtered	32	static
lv_obj_style_gen.h:401:24:lv_obj_get_style_shadow_opa	24	static
lv_obj_style_gen.h:407:24:lv_obj_get_style_image_opa	24	static
lv_obj_style_gen.h:419:26:lv_obj_get_style_image_recolor_filtered	32	static
lv_obj_style_gen.h:425:24:lv_obj_get_style_image_recolor_opa	24	static
lv_obj_style_gen.h:431:23:lv_obj_get_style_line_width	24	static
lv_obj_style_gen.h:437:23:lv_obj_get_style_line_dash_width	24	static
lv_obj_style_gen.h:443:23:lv_obj_get_style_line_dash_gap	24	static
lv_obj_style_gen.h:449:20:lv_obj_get_style_line_rounded	24	static
lv_obj_style_gen.h:461:26:lv_obj_get_style_line_color_filtered	32	static
lv_obj_style_gen.h:467:24:lv_obj_get_style_line_opa	24	static
lv_obj_style_gen.h:473:23:lv_obj_get_style_arc_width	24	static
lv_obj_style_gen.h:479:20:lv_obj_get_style_arc_rounded	24	static
lv_obj_style_gen.h:491:26:lv_obj_get_style_arc_color_filtered	32	static
lv_obj_style_gen.h:497:24:lv_obj_get_style_arc_opa	24	static
lv_obj_style_gen.h:503:28:lv_obj_get_style_arc_image_src	24	static
lv_obj_style_gen.h:515:26:lv_obj_get_style_text_color_filtered	32	static
lv_obj_style_gen.h:521:24:lv_obj_get_style_text_opa	24	static
lv_obj_style_gen.h:527:33:lv_obj_get_style_text_font	24	static
lv_obj_style_gen.h:533:23:lv_obj_get_style_text_letter_space	24	static
lv_obj_style_gen.h:539:23:lv_obj_get_style_text_line_space	24	static
lv_obj_style_gen.h:545:31:lv_obj_get_style_text_decor	24	static
lv_obj_style_gen.h:551:31:lv_obj_get_style_text_align	24	static
lv_obj_style_gen.h:557:23:lv_obj_get_style_radius	24	static
lv_obj_style_gen.h:611:31:lv_obj_get_style_blend_mode	24	static
lv_obj_draw.c:40:6:lv_obj_init_draw_rect_dsc	40	static
lv_obj_draw.c:145:6:lv_obj_init_draw_label_dsc	40	static
lv_obj_draw.c:174:6:lv_obj_init_draw_image_dsc	40	static
lv_obj_draw.c:200:6:lv_obj_init_draw_line_dsc	40	static
lv_obj_draw.c:230:6:lv_obj_init_draw_arc_dsc	40	static
lv_obj_draw.c:253:9:lv_obj_calculate_ext_draw_size	64	static
lv_obj_draw.c:287:6:lv_obj_refresh_ext_draw_size	24	static
lv_obj_draw.c:311:9:_lv_obj_get_ext_draw_size	16	static
lv_obj_draw.c:317:17:_lv_obj_get_layer_type	16	static
