lv_area.h:126:20:lv_area_copy	16	static
lv_area.h:139:23:lv_area_get_width	16	static
lv_area.h:149:23:lv_area_get_height	16	static
lv_color.h:195:23:lv_color_format_get_size	16	static
lv_ll.h:85:20:_lv_ll_clear	16	static
lv_string.h:65:20:lv_memzero	16	static
lv_obj_style_gen.h:95:23:lv_obj_get_style_transform_scale_x	24	static
lv_obj_style_gen.h:101:23:lv_obj_get_style_transform_scale_y	24	static
lv_obj_style_gen.h:107:23:lv_obj_get_style_transform_rotation	24	static
lv_obj_style_gen.h:113:23:lv_obj_get_style_transform_pivot_x	24	static
lv_obj_style_gen.h:119:23:lv_obj_get_style_transform_pivot_y	24	static
lv_obj_style_gen.h:125:23:lv_obj_get_style_transform_skew_x	24	static
lv_obj_style_gen.h:131:23:lv_obj_get_style_transform_skew_y	24	static
lv_obj_style_gen.h:557:23:lv_obj_get_style_radius	24	static
lv_obj_style_gen.h:563:20:lv_obj_get_style_clip_corner	24	static
lv_obj_style_gen.h:575:24:lv_obj_get_style_opa_layered	24	static
lv_obj_style_gen.h:611:31:lv_obj_get_style_blend_mode	24	static
lv_refr.c:69:6:_lv_refr_init	4	static
lv_refr.c:73:6:_lv_refr_deinit	4	static
lv_refr.c:77:6:lv_refr_now	24	static
lv_refr.c:94:6:lv_obj_redraw	328	static
lv_refr.c:251:6:_lv_inv_area	72	static
lv_refr.c:310:16:_lv_refr_get_disp_refreshing	4	static
lv_refr.c:319:6:_lv_refr_set_disp_refreshing	16	static
lv_refr.c:324:6:_lv_display_refr_timer	32	static
lv_refr.c:426:13:lv_refr_join_area	40	static
lv_refr.c:465:13:refr_sync_areas	144	static
lv_refr.c:544:13:refr_invalid_areas	16	static
lv_refr.c:584:13:refr_area	96	static
lv_refr.c:660:13:refr_area_part	48	static
lv_refr.c:726:19:lv_refr_get_top_obj	40	static
lv_refr.c:766:13:refr_obj_and_children	40	static
lv_refr.c:814:20:layer_get_area	120	static
lv_refr.c:859:13:alpha_test_area_on_obj	24	static
lv_refr.c:873:6:refr_obj	168	static
lv_refr.c:944:17:get_max_row	64	static
lv_refr.c:986:13:draw_buf_flush	24	static
lv_refr.c:1025:13:call_flush_cb	40	static
lv_refr.c:1047:13:wait_for_flushing	16	static
