lv_area.h:110:20:lv_area_copy	16	static
lv_area.h:123:26:lv_area_get_width	16	static
lv_area.h:133:26:lv_area_get_height	16	static
lv_obj_style_gen.h:79:26:lv_obj_get_style_transform_zoom	24	static
lv_obj_style_gen.h:85:26:lv_obj_get_style_transform_angle	24	static
lv_obj_style_gen.h:91:26:lv_obj_get_style_transform_pivot_x	24	static
lv_obj_style_gen.h:97:26:lv_obj_get_style_transform_pivot_y	24	static
lv_obj_style_gen.h:511:24:lv_obj_get_style_opa_layered	24	static
lv_obj_style_gen.h:553:31:lv_obj_get_style_blend_mode	24	static
lv_refr.c:103:6:_lv_refr_init	4	static
lv_refr.c:113:6:lv_refr_now	24	static
lv_refr.c:130:6:lv_obj_redraw	64	static
lv_refr.c:206:6:_lv_inv_area	40	static
lv_refr.c:267:13:_lv_refr_get_disp_refreshing	4	static
lv_refr.c:278:6:_lv_refr_set_disp_refreshing	16	static
lv_refr.c:287:6:_lv_disp_refr_timer	32	static
lv_refr.c:478:13:lv_refr_join_area	32	static
lv_refr.c:515:13:refr_sync_areas	104	static
lv_refr.c:587:13:refr_invalid_areas	16	static
lv_refr.c:631:13:refr_area	72	static
lv_refr.c:698:13:refr_area_part	144	static
lv_refr.c:807:19:lv_refr_get_top_obj	40	static
lv_refr.c:847:13:refr_obj_and_children	40	static
lv_refr.c:894:17:layer_get_area	72	static
lv_refr.c:938:13:layer_alpha_test	40	static
lv_refr.c:968:6:refr_obj	80	static
lv_refr.c:1054:17:get_max_row	32	static
lv_refr.c:1092:13:draw_buf_rotate_180	48	static
lv_refr.c:1116:35:draw_buf_rotate_90	48	static
lv_refr.c:1139:20:draw_buf_rotate4	32	static
lv_refr.c:1153:13:draw_buf_rotate_90_sqr	32	static
lv_refr.c:1183:13:draw_buf_rotate	48	static
lv_refr.c:1272:13:draw_buf_flush	32	static
lv_refr.c:1315:13:call_flush_cb	32	static
