lv_math.h:78:23:lv_bezier3	32	static
lv_ll.h:85:20:_lv_ll_clear	16	static
lv_string.h:65:20:lv_memzero	16	static
lv_anim.c:61:6:_lv_anim_core_init	8	static
lv_anim.c:70:6:_lv_anim_core_deinit	8	static
lv_anim.c:75:6:lv_anim_init	16	static
lv_anim.c:86:13:lv_anim_start	24	static
lv_anim.c:131:10:lv_anim_get_playtime	24	static
lv_anim.c:145:6:lv_anim_delete	16	static
lv_anim.c:150:6:lv_anim_delete_all	8	static
lv_anim.c:156:13:lv_anim_get	24	static
lv_anim.c:168:22:lv_anim_get_timer	4	static
lv_anim.c:173:10:lv_anim_count_running	16	static
lv_anim.c:182:10:lv_anim_speed_clamped	24	static
lv_anim.c:207:10:lv_anim_speed	16	static
lv_anim.c:212:6:lv_anim_refr_now	8	static
lv_anim.c:217:9:lv_anim_path_linear	32	static
lv_anim.c:232:9:lv_anim_path_ease_in	24	static
lv_anim.c:238:9:lv_anim_path_ease_out	24	static
lv_anim.c:244:9:lv_anim_path_ease_in_out	24	static
lv_anim.c:250:9:lv_anim_path_overshoot	24	static
lv_anim.c:255:9:lv_anim_path_bounce	40	static
lv_anim.c:306:9:lv_anim_path_step	16	static
lv_anim.c:314:9:lv_anim_path_custom_bezier3	32	static
lv_anim.c:327:13:anim_timer	32	static
lv_anim.c:407:13:anim_ready_handler	24	static
lv_anim.c:452:13:anim_mark_list_change	8	static
lv_anim.c:461:16:lv_anim_path_cubic_bezier	48	static
lv_anim.c:475:17:convert_speed_to_time	48	static
lv_anim.c:489:13:resolve_time	16	static
lv_anim.c:503:13:remove_concurrent_anims	24	static
lv_anim.c:538:13:delete_core	40	static
