lv_string.h:65:20:lv_memzero	16	static
lv_ll.h:85:20:_lv_ll_clear	16	static
lv_cache_builtin.c:55:6:_lv_cache_builtin_init	8	static
lv_cache_builtin.c:70:6:_lv_cache_builtin_deinit	16	static
lv_cache_builtin.c:87:27:add_cb	40	static
lv_cache_builtin.c:127:27:find_by_data_cb	32	static
lv_cache_builtin.c:143:27:find_by_src_cb	24	static
lv_cache_builtin.c:157:13:invalidate_cb	16	static
lv_cache_builtin.c:170:21:get_data_cb	24	static
lv_cache_builtin.c:183:13:release_cb	16	static
lv_cache_builtin.c:199:13:set_max_size_cb	24	static
lv_cache_builtin.c:210:13:empty_cb	16	static
lv_cache_builtin.c:221:13:drop_youngest	24	static
