lv_ll.h:85:20:_lv_ll_clear	16	static
lv_timer.c:55:6:_lv_timer_core_init	8	static
lv_timer.c:63:37:lv_timer_handler	40	static
lv_timer.c:146:33:lv_timer_periodic_handler	16	static
lv_timer.c:156:14:lv_timer_create_basic	8	static
lv_timer.c:161:14:lv_timer_create	32	static
lv_timer.c:184:6:lv_timer_set_cb	16	static
lv_timer.c:190:6:lv_timer_delete	16	static
lv_timer.c:198:6:lv_timer_pause	16	static
lv_timer.c:204:6:lv_timer_resume	16	static
lv_timer.c:211:6:lv_timer_set_period	16	static
lv_timer.c:217:6:lv_timer_ready	16	static
lv_timer.c:223:6:lv_timer_set_repeat_count	16	static
lv_timer.c:229:6:lv_timer_set_auto_delete	16	static
lv_timer.c:235:6:lv_timer_set_user_data	16	static
lv_timer.c:241:6:lv_timer_reset	16	static
lv_timer.c:248:6:lv_timer_enable	16	static
lv_timer.c:254:6:_lv_timer_core_deinit	8	static
lv_timer.c:261:9:lv_timer_get_idle	4	static
lv_timer.c:266:10:lv_timer_get_time_until_next	4	static
lv_timer.c:271:14:lv_timer_get_next	16	static
lv_timer.c:286:13:lv_timer_exec	24	static
lv_timer.c:334:17:lv_timer_time_remaining	24	static
lv_timer.c:346:13:lv_timer_handler_resume	8	static
lv_timer.c:355:6:lv_timer_handler_set_resume_cb	16	static
