lv_area.h:110:20:lv_area_copy	16	static
lv_area.h:123:26:lv_area_get_width	16	static
lv_area.h:133:26:lv_area_get_height	16	static
lv_obj_style_gen.h:1:26:lv_obj_get_style_width	24	static
lv_obj_style_gen.h:7:26:lv_obj_get_style_min_width	24	static
lv_obj_style_gen.h:13:26:lv_obj_get_style_max_width	24	static
lv_obj_style_gen.h:19:26:lv_obj_get_style_height	24	static
lv_obj_style_gen.h:25:26:lv_obj_get_style_min_height	24	static
lv_obj_style_gen.h:31:26:lv_obj_get_style_max_height	24	static
lv_obj_style_gen.h:67:26:lv_obj_get_style_translate_x	24	static
lv_obj_style_gen.h:73:26:lv_obj_get_style_translate_y	24	static
lv_obj_style_gen.h:103:26:lv_obj_get_style_pad_top	24	static
lv_obj_style_gen.h:115:26:lv_obj_get_style_pad_left	24	static
lv_obj_style_gen.h:127:26:lv_obj_get_style_pad_row	24	static
lv_obj_style_gen.h:133:26:lv_obj_get_style_pad_column	24	static
lv_obj_style_gen.h:253:26:lv_obj_get_style_border_width	24	static
lv_obj_style_gen.h:565:29:lv_obj_get_style_base_dir	24	static
lv_flex.h:112:30:lv_obj_get_style_flex_flow	24	static
lv_flex.h:118:31:lv_obj_get_style_flex_main_place	24	static
lv_flex.h:124:31:lv_obj_get_style_flex_cross_place	24	static
lv_flex.h:130:31:lv_obj_get_style_flex_track_place	24	static
lv_flex.h:136:23:lv_obj_get_style_flex_grow	24	static
lv_flex.c:92:6:lv_flex_init	8	static
lv_flex.c:103:6:lv_obj_set_flex_flow	16	static
lv_flex.c:109:6:lv_obj_set_flex_align	16	static
lv_flex.c:118:6:lv_obj_set_flex_grow	16	static
lv_flex.c:125:6:lv_style_set_flex_flow	24	static
lv_flex.c:133:6:lv_style_set_flex_main_place	24	static
lv_flex.c:141:6:lv_style_set_flex_cross_place	24	static
lv_flex.c:149:6:lv_style_set_flex_track_place	24	static
lv_flex.c:157:6:lv_style_set_flex_grow	24	static
lv_flex.c:166:6:lv_obj_set_style_flex_flow	32	static
lv_flex.c:174:6:lv_obj_set_style_flex_main_place	32	static
lv_flex.c:182:6:lv_obj_set_style_flex_cross_place	32	static
lv_flex.c:190:6:lv_obj_set_style_flex_track_place	32	static
lv_flex.c:198:6:lv_obj_set_style_flex_grow	32	static
lv_flex.c:210:13:flex_update	152	static
lv_flex.c:318:16:find_track_end	72	static
lv_flex.c:406:13:children_repos	112	static
lv_flex.c:549:13:place_content	16	static
lv_flex.c:589:19:get_next_item	24	static
