lv_area.h:286:20:lv_point_set	24	static
lv_font.h:139:23:lv_font_get_line_height	16	static
lv_obj_style_gen.h:107:23:lv_obj_get_style_transform_rotation	24	static
lv_obj_style_gen.h:137:23:lv_obj_get_style_pad_top	24	static
lv_obj_style_gen.h:143:23:lv_obj_get_style_pad_bottom	24	static
lv_obj_style_gen.h:149:23:lv_obj_get_style_pad_left	24	static
lv_obj_style_gen.h:155:23:lv_obj_get_style_pad_right	24	static
lv_obj_style_gen.h:317:23:lv_obj_get_style_border_width	24	static
lv_obj_style_gen.h:527:33:lv_obj_get_style_text_font	24	static
lv_obj_style_gen.h:539:23:lv_obj_get_style_text_line_space	24	static
lv_obj_style_gen.h:623:29:lv_obj_get_style_base_dir	24	static
lv_dropdown.c:94:12:lv_dropdown_create	24	static
lv_dropdown.c:106:6:lv_dropdown_set_text	24	static
lv_dropdown.c:117:6:lv_dropdown_set_options	32	static
lv_dropdown.c:164:6:lv_dropdown_set_options_static	24	static
lv_dropdown.c:193:6:lv_dropdown_add_option	64	static
lv_dropdown.c:260:6:lv_dropdown_clear_options	24	static
lv_dropdown.c:277:6:lv_dropdown_set_selected	24	static
lv_dropdown.c:294:6:lv_dropdown_set_dir	24	static
lv_dropdown.c:306:6:lv_dropdown_set_symbol	24	static
lv_dropdown.c:315:6:lv_dropdown_set_selected_highlight	24	static
lv_dropdown.c:328:12:lv_dropdown_get_list	24	static
lv_dropdown.c:336:14:lv_dropdown_get_text	24	static
lv_dropdown.c:344:14:lv_dropdown_get_options	24	static
lv_dropdown.c:352:10:lv_dropdown_get_selected	24	static
lv_dropdown.c:361:10:lv_dropdown_get_option_count	24	static
lv_dropdown.c:370:6:lv_dropdown_get_selected_str	48	static
lv_dropdown.c:404:9:lv_dropdown_get_option_index	40	static
lv_dropdown.c:428:14:lv_dropdown_get_symbol	24	static
lv_dropdown.c:435:6:lv_dropdown_get_selected_highlight	24	static
lv_dropdown.c:442:10:lv_dropdown_get_dir	24	static
lv_dropdown.c:453:6:lv_dropdown_open	80	static
lv_dropdown.c:551:6:lv_dropdown_close	24	static
lv_dropdown.c:564:6:lv_dropdown_is_open	24	static
lv_dropdown.c:576:19:lv_dropdown_list_create	24	static
lv_dropdown.c:584:13:lv_dropdown_constructor	24	static
lv_dropdown.c:616:13:lv_dropdown_destructor	24	static
lv_dropdown.c:632:13:lv_dropdownlist_constructor	16	static
lv_dropdown.c:647:13:lv_dropdownlist_destructor	32	static
lv_dropdown.c:656:13:lv_dropdown_event	56	static
lv_dropdown.c:746:13:lv_dropdown_list_event	32	static
lv_dropdown.c:781:13:draw_main	528	static
lv_dropdown.c:898:13:draw_list	80	static
lv_dropdown.c:934:13:draw_box	184	static
lv_dropdown.c:972:13:draw_box_label	192	static
lv_dropdown.c:1019:20:btn_release_handler	32	static
lv_dropdown.c:1055:20:list_release_handler	56	static
lv_dropdown.c:1091:13:list_press_handler	40	static
lv_dropdown.c:1106:17:get_id_on_point	48	static
lv_dropdown.c:1130:13:position_to_selected	56	static
lv_dropdown.c:1150:19:get_label	24	static
