Taskctrl.c:94:6:InitctrlTask	48	static
Taskctrl.c:106:6:StartctrlTask	208	static
Taskctrl.c:327:6:set_frequency	24	static
Taskctrl.c:332:6:Init_DAC_SINT	16	static
Taskctrl.c:364:6:Set_Power	40	static
Taskctrl.c:379:6:Set_Sweep_Pmin	32	static
Taskctrl.c:392:6:Set_Sweep_Pmax	32	static
Taskctrl.c:405:6:Set_Power_Mode	32	static
Taskctrl.c:419:6:Set_Pol_Value_pre	40	static
Taskctrl.c:440:6:Set_Pol_Value	16	static
Taskctrl.c:485:6:Set_Type_Min_Max_Pol	64	static
Taskctrl.c:504:6:Get_Pol_Struct	32	static
Taskctrl.c:572:6:Set_Freq_Mode	48	static
Taskctrl.c:631:6:Set_Sweep_Time	72	static
Taskctrl.c:649:6:Set_Sweep_Power	56	static
Taskctrl.c:667:6:Set_Delta_Tone	56	static
Taskctrl.c:686:6:Set_Sweep_Fmax	32	static
Taskctrl.c:701:6:Set_Sweep_Fmin	32	static
Taskctrl.c:716:6:Set_Reg	48	static
Taskctrl.c:724:6:Freq_Set	48	static
Taskctrl.c:742:6:En_Sint	48	static
Taskctrl.c:797:6:Get_Structure	16	static
Taskctrl.c:818:6:Get_Struct_Power	16	static
Taskctrl.c:830:6:Load_parameters	16	static
Taskctrl.c:862:6:Save_parameters	8	static
