Taskctrl.c:94:6:InitctrlTask	48	static
Taskctrl.c:106:6:StartctrlTask	208	static
Taskctrl.c:327:6:set_frequency	24	static
Taskctrl.c:332:6:Init_DAC_SINT	16	static
Taskctrl.c:364:6:Set_Power	40	static
Taskctrl.c:379:6:Set_Sweep_Pmin	32	static
Taskctrl.c:393:6:Set_Sweep_Pmax	32	static
Taskctrl.c:407:6:Set_Power_Mode	32	static
Taskctrl.c:421:6:Set_Pol_Value_pre	40	static
Taskctrl.c:442:6:Set_Pol_Value	16	static
Taskctrl.c:487:6:Set_Type_Min_Max_Pol	64	static
Taskctrl.c:506:6:Get_Pol_Struct	32	static
Taskctrl.c:574:6:Set_Freq_Mode	48	static
Taskctrl.c:632:6:Set_Sweep_Time	72	static
Taskctrl.c:650:6:Set_Sweep_Power	56	static
Taskctrl.c:668:6:Set_Delta_Tone	56	static
Taskctrl.c:687:6:Set_Sweep_Fmax	32	static
Taskctrl.c:702:6:Set_Sweep_Fmin	32	static
Taskctrl.c:717:6:Set_Reg	48	static
Taskctrl.c:725:6:Freq_Set	48	static
Taskctrl.c:743:6:En_Sint	48	static
Taskctrl.c:798:6:Get_Structure	16	static
Taskctrl.c:819:6:Get_Struct_Power	16	static
Taskctrl.c:831:6:Load_parameters	16	static
Taskctrl.c:863:6:Save_parameters	8	static
