lv_area.h:295:26:lv_pct	16	static
lv_color.h:439:48:lv_color_mix	24	static
lv_color.h:595:26:lv_color_make	16	static
lv_color.h:600:26:lv_color_hex	24	static
lv_color.h:640:20:lv_color_filter_dsc_init	16	static
lv_color.h:696:26:lv_color_white	8	static
lv_style.h:524:20:lv_style_set_size	16	static
lv_style.h:530:20:lv_style_set_pad_all	16	static
lv_style.h:538:20:lv_style_set_pad_hor	16	static
lv_style.h:544:20:lv_style_set_pad_ver	16	static
lv_style.h:550:20:lv_style_set_pad_gap	16	static
lv_disp.h:255:26:lv_disp_dpx	16	static
lv_theme_default.c:192:19:dark_color_filter_cb	16	static
lv_theme_default.c:198:19:grey_filter_cb	16	static
lv_theme_default.c:205:13:style_init	32	static
lv_theme_default.c:648:14:lv_theme_default_init	24	static
lv_theme_default.c:683:14:lv_theme_default_get	8	static
lv_theme_default.c:692:6:lv_theme_default_is_inited	4	static
lv_theme_default.c:698:13:theme_apply	24	static
lv_theme_default.c:1171:13:style_init_reset	16	static
