lv_color.h:269:26:lv_color_make	24	static
lv_color.h:301:26:lv_color_hex3	24	static
lv_display.h:378:34:lv_screen_active	8	static
lv_obj_pos.h:184:20:lv_obj_center	16	static
lv_slider.h:77:20:lv_slider_set_value	24	static
lv_slider.h:88:20:lv_slider_set_left_value	24	static
lv_slider.h:109:20:lv_slider_set_mode	16	static
lv_slider.h:123:23:lv_slider_get_value	16	static
lv_slider.h:133:23:lv_slider_get_left_value	16	static
lv_example_slider_3.c:10:6:lv_example_slider_3	16	static
lv_example_slider_3.c:25:13:slider_event_cb	184	static
