embedded_cli.c:378:20:embeddedCliDefaultConfig	4	static
embedded_cli.c:390:10:embeddedCliRequiredSize	24	static
embedded_cli.c:402:14:embeddedCliNew	40	static
embedded_cli.c:465:14:embeddedCliNewDefault	8	static
embedded_cli.c:469:6:embeddedCliReceiveChar	24	static
embedded_cli.c:477:6:embeddedCliProcess	24	static
embedded_cli.c:516:6:embeddedCliAddBinding	32	static
embedded_cli.c:527:6:embeddedCliPrint	24	static
embedded_cli.c:551:6:embeddedCliFree	24	static
embedded_cli.c:559:6:embeddedCliTokenizeArgs	40	static
embedded_cli.c:601:13:embeddedCliGetToken	24	static
embedded_cli.c:610:7:embeddedCliGetTokenVariable	24	static
embedded_cli.c:619:10:embeddedCliFindToken	24	static
embedded_cli.c:632:10:embeddedCliGetTokenCount	24	static
embedded_cli.c:650:13:navigateHistory	32	static
embedded_cli.c:681:13:onEscapedInput	24	static
embedded_cli.c:696:13:onCharInput	24	static
embedded_cli.c:710:13:onControlInput	24	static
embedded_cli.c:746:13:parseCommand	72	static
embedded_cli.c:825:13:initInternalBindings	56	static
embedded_cli.c:836:13:onHelp	56	static
embedded_cli.c:889:13:onUnknownCommand	16	static
embedded_cli.c:896:29:getAutocompletedCommand	64	static
embedded_cli.c:950:13:printLiveAutocompletion	32	static
embedded_cli.c:977:13:onAutocompleteRequest	40	static
embedded_cli.c:1023:13:clearCurrentLine	40	static
embedded_cli.c:1035:13:writeToOutput	24	static
embedded_cli.c:1043:13:isControlChar	16	static
embedded_cli.c:1047:13:isDisplayableChar	16	static
embedded_cli.c:1051:17:fifoBufAvailable	16	static
embedded_cli.c:1058:13:fifoBufPop	24	static
embedded_cli.c:1067:13:fifoBufPush	24	static
embedded_cli.c:1077:13:historyPut	40	static
embedded_cli.c:1111:20:historyGet	16	static
embedded_cli.c:1120:13:historyRemove	32	static
embedded_cli.c:1149:17:getTokenPosition	24	static
