embedded_cli.c:358:20:embeddedCliDefaultConfig	4	static
embedded_cli.c:368:10:embeddedCliRequiredSize	24	static
embedded_cli.c:378:14:embeddedCliNew	40	static
embedded_cli.c:438:14:embeddedCliNewDefault	8	static
embedded_cli.c:442:6:embeddedCliReceiveChar	24	static
embedded_cli.c:450:6:embeddedCliProcess	24	static
embedded_cli.c:487:6:embeddedCliAddBinding	32	static
embedded_cli.c:498:6:embeddedCliPrint	24	static
embedded_cli.c:522:6:embeddedCliFree	24	static
embedded_cli.c:530:6:embeddedCliTokenizeArgs	40	static
embedded_cli.c:572:13:embeddedCliGetToken	24	static
embedded_cli.c:596:9:embeddedCliFindToken	24	static
embedded_cli.c:609:9:embeddedCliGetTokenCount	24	static
embedded_cli.c:627:13:navigateHistory	32	static
embedded_cli.c:658:13:onEscapedInput	24	static
embedded_cli.c:673:13:onCharInput	24	static
embedded_cli.c:687:13:onControlInput	24	static
embedded_cli.c:723:13:parseCommand	72	static
embedded_cli.c:802:13:initInternalBindings	56	static
embedded_cli.c:815:13:onHelp	56	static
embedded_cli.c:867:13:onUnknownCommand	16	static
embedded_cli.c:874:29:getAutocompletedCommand	80	static
embedded_cli.c:928:13:printLiveAutocompletion	40	static
embedded_cli.c:952:13:onAutocompleteRequest	40	static
embedded_cli.c:998:13:clearCurrentLine	40	static
embedded_cli.c:1010:13:writeToOutput	24	static
embedded_cli.c:1017:13:isControlChar	16	static
embedded_cli.c:1021:13:isDisplayableChar	16	static
embedded_cli.c:1025:17:fifoBufAvailable	16	static
embedded_cli.c:1032:13:fifoBufPop	24	static
embedded_cli.c:1041:13:fifoBufPush	24	static
embedded_cli.c:1051:13:historyPut	40	static
embedded_cli.c:1085:20:historyGet	16	static
embedded_cli.c:1094:13:historyRemove	32	static
