lv_area.h:352:23:lv_pct	16	static
lv_color.h:269:26:lv_color_make	24	static
lv_color.h:301:26:lv_color_hex3	24	static
lv_display.h:378:34:lv_screen_active	8	static
lv_obj_pos.h:184:20:lv_obj_center	16	static
lv_example_observer_5.c:28:6:lv_example_observer_5	16	static
lv_example_observer_5.c:43:13:fw_update_btn_clicked_event_cb	40	static
lv_example_observer_5.c:63:13:fw_update_close_event_cb	16	static
lv_example_observer_5.c:69:13:restart_btn_click_event_cb	24	static
lv_example_observer_5.c:76:13:fw_update_win_observer_cb	56	static
lv_example_observer_5.c:123:13:connect_timer_cb	16	static
lv_example_observer_5.c:131:13:download_timer_cb	24	static
lv_example_observer_5.c:151:13:fw_upload_manager_observer_cb	24	static
