lv_area.h:352:23:lv_pct	16	static
lv_color.h:253:26:lv_color_hex	24	static
lv_color.h:269:26:lv_color_make	24	static
lv_color.h:301:26:lv_color_hex3	24	static
lv_style.h:557:20:lv_style_set_pad_all	16	static
lv_style.h:565:20:lv_style_set_pad_hor	16	static
lv_style.h:571:20:lv_style_set_pad_ver	16	static
lv_style.h:577:20:lv_style_set_pad_gap	16	static
lv_display.h:378:34:lv_screen_active	8	static
lv_obj_pos.h:184:20:lv_obj_center	16	static
lv_example_observer_6.c:18:6:lv_example_observer_6	24	static
lv_example_observer_6.c:40:13:switch_theme_event_cb	16	static
lv_example_observer_6.c:59:13:my_panel_style_observer_cb	64	static
lv_example_observer_6.c:83:19:my_panel_create	24	static
lv_example_observer_6.c:129:13:my_button_style_observer_cb	64	static
lv_example_observer_6.c:157:19:my_button_create	32	static
